Microchip MPLAB XC8 Compiler V2.00 ()

Linker command line:

-W-3 --edf=C:\Program Files (x86)\Microchip\xc8\v2.00\pic\dat\en_msgs.txt \
  -cs -h+dist/default/production\ButtonAndLED.X.production.sym \
  --cmf=dist/default/production\ButtonAndLED.X.production.cmf -z -Q18F4520 \
  -oC:\Users\dfghj\AppData\Local\Temp\seig.2 --defsym=__MPLAB_BUILD=1 \
  -Mdist/default/production/ButtonAndLED.X.production.map -E1 -ver=XC8 \
  --acfsm=1493 -ASTACK=0290h-05ffh -pstack=STACK -ACODE=00h-07FFFh \
  -ACONST=00h-07FFFh -ASMALLCONST=0600h-06FFhx122 \
  -AMEDIUMCONST=0600h-07FFFh -ACOMRAM=01h-07Fh -AABS1=00h-05FFh \
  -ABIGRAM=01h-05FFh -ARAM=080h-0FFh,0100h-01FFhx5 -ABANK0=080h-0FFh \
  -ABANK1=0100h-01FFh -ABANK2=0200h-02FFh -ABANK3=0300h-03FFh \
  -ABANK4=0400h-04FFh -ABANK5=0500h-05FFh -ASFR=0F80h-0FFFh \
  -preset_vec=00h,intcode=08h,intcodelo=018h,powerup,init -pramtop=0600h \
  -psmallconst=SMALLCONST -pmediumconst=MEDIUMCONST -pconst=CONST \
  -AFARRAM=00h-00h -ACONFIG=0300000h-030000Dh -pconfig=CONFIG \
  -AIDLOC=0200000h-0200007h -pidloc=IDLOC -AEEDATA=0F00000h-0F000FFh \
  -peeprom_data=EEDATA \
  -prdata=COMRAM,nvrram=COMRAM,nvbit=COMRAM,rbss=COMRAM,rbit=COMRAM \
  -pfarbss=FARRAM,fardata=FARRAM,nvFARRAM=FARRAM \
  -pintsave_regs=BIGRAM,bigbss=BIGRAM,bigdata=BIGRAM -pbss=RAM \
  -pidata=CODE,irdata=CODE,ibigdata=CODE,ifardata=CODE -prparam=COMRAM \
  C:\Users\dfghj\AppData\Local\Temp\seig.o \
  dist/default/production\ButtonAndLED.X.production.o 

Object code version is 3.11

Machine type is 18F4520

Call graph: (short form)




                Name                               Link     Load   Length Selector   Space Scale
C:\Users\dfghj\AppData\Local\Temp\seig.o
                init                                 D2       D2        4        C       0
                reset_vec                             0        0        4        0       0
                idloc                            200000   200000        8   200000       0
                config                           300000   300000        E   300000       0
dist/default/production\ButtonAndLED.X.production.o
                intcodelo                            18       18       BA        C       0
                intcode                               8        8        6        4       0
                temp                                 7C       7C        1        1       1
                intcode_body                       1A38     1A38       A2        C       0
                text29                             1FCE     1FCE        6      EC0       0
                text27                             1F5A     1F5A       1C      EC0       0
                text26                               D6       D6      584        C       0
                text25                              AC8      AC8      420        C       0
                text24                             10C4     10C4      152        C       0
                text23                              EE8      EE8      1DC        C       0
                text22                             1ADA     1ADA       A0        C       0
                text21                             1F76     1F76       1A      EC0       0
                text20                             1EEC     1EEC       44      EC0       0
                text19                             1F90     1F90       14      EC0       0
                text18                             18E4     18E4       B2        C       0
                text17                             1FC8     1FC8        6      EC0       0
                text16                             1DE6     1DE6       60      EC0       0
                text15                             1566     1566      102        C       0
                text14                             1FC2     1FC2        6      EC0       0
                text13                             1FA4     1FA4        C      EC0       0
                text12                             1668     1668       EC        C       0
                text11                             1216     1216      134        C       0
                text10                             1E9E     1E9E       4E      EC0       0
                text9                               65A      65A      46E        C       0
                text8                              1754     1754       D6        C       0
                text7                              1D80     1D80       66      EC0       0
                text6                              1F30     1F30       2A      EC0       0
                text5                              1E46     1E46       58      EC0       0
                text4                              1458     1458      10E        C       0
                text3                              134A     134A      10E        C       0
                text2                              1FBA     1FBA        8      EC0       0
                text1                              1C9A     1C9A       7C        C       0
                text0                              182A     182A       BA        C       0
                cstackCOMRAM                          1        1       6B        1       1
                cstackBANK0                          F9       F9        3       80       1
                dataBANK2                           200      200       90      200       1
                dataBANK1                           100      100       90      100       1
                dataBANK0                            80       80       69       80       1
                bssBANK0                             E9       E9       10       80       1
                dataCOMRAM                           6C       6C        A        1       1
                bssCOMRAM                            76       76        6        1       1
                cinit                              1996     1996       A2        C       0
                idataBANK2                         1C0A     1C0A       90        C       0
                idataBANK1                         1B7A     1B7A       90        C       0
                idataBANK0                         1D16     1D16       69        C       0
                idataCOMRAM                        1FB0     1FB0        A      EC0       0

TOTAL           Name                               Link     Load   Length     Space
        CLASS   STACK          

        CLASS   CODE           
                intcodelo                            18       18       BA         0
                intcode                               8        8        6         0
                init                                 D2       D2        4         0
                reset_vec                             0        0        4         0
                intcode_body                       1A38     1A38       A2         0
                text29                             1FCE     1FCE        6         0
                text27                             1F5A     1F5A       1C         0
                text26                               D6       D6      584         0
                text25                              AC8      AC8      420         0
                text24                             10C4     10C4      152         0
                text23                              EE8      EE8      1DC         0
                text22                             1ADA     1ADA       A0         0
                text21                             1F76     1F76       1A         0
                text20                             1EEC     1EEC       44         0
                text19                             1F90     1F90       14         0
                text18                             18E4     18E4       B2         0
                text17                             1FC8     1FC8        6         0
                text16                             1DE6     1DE6       60         0
                text15                             1566     1566      102         0
                text14                             1FC2     1FC2        6         0
                text13                             1FA4     1FA4        C         0
                text12                             1668     1668       EC         0
                text11                             1216     1216      134         0
                text10                             1E9E     1E9E       4E         0
                text9                               65A      65A      46E         0
                text8                              1754     1754       D6         0
                text7                              1D80     1D80       66         0
                text6                              1F30     1F30       2A         0
                text5                              1E46     1E46       58         0
                text4                              1458     1458      10E         0
                text3                              134A     134A      10E         0
                text2                              1FBA     1FBA        8         0
                text1                              1C9A     1C9A       7C         0
                text0                              182A     182A       BA         0
                cinit                              1996     1996       A2         0
                idataBANK2                         1C0A     1C0A       90         0
                idataBANK1                         1B7A     1B7A       90         0
                idataBANK0                         1D16     1D16       69         0
                idataCOMRAM                        1FB0     1FB0        A         0

        CLASS   CONST          

        CLASS   SMALLCONST     

        CLASS   MEDIUMCONST    

        CLASS   COMRAM         
                temp                                 7C       7C        1         1
                cstackCOMRAM                          1        1       6B         1
                dataCOMRAM                           6C       6C        A         1
                bssCOMRAM                            76       76        6         1

        CLASS   ABS1           

        CLASS   BIGRAM         

        CLASS   RAM            

        CLASS   BANK0          
                cstackBANK0                          F9       F9        3         1
                dataBANK0                            80       80       69         1
                bssBANK0                             E9       E9       10         1

        CLASS   BANK1          
                dataBANK1                           100      100       90         1

        CLASS   BANK2          
                dataBANK2                           200      200       90         1

        CLASS   BANK3          

        CLASS   BANK4          

        CLASS   BANK5          

        CLASS   SFR            

        CLASS   FARRAM         

        CLASS   CONFIG         
                config                           300000   300000        E         0

        CLASS   IDLOC          
                idloc                            200000   200000        8         0

        CLASS   EEDATA         



SEGMENTS        Name                           Load    Length   Top    Selector   Space  Class

                reset_vec                      000000  000004  000004         0       0  CODE    
                cstackCOMRAM                   000001  00007C  00007D         1       1  COMRAM  
                intcode                        000008  000006  00000E         4       0  CODE    
                intcodelo                      000018  001D67  001D7F         C       0  CODE    
                dataBANK0                      000080  00007C  0000FC        80       1  BANK0   
                dataBANK1                      000100  000090  000190       100       1  BANK1   
                dataBANK2                      000200  000090  000290       200       1  BANK2   
                text7                          001D80  000254  001FD4       EC0       0  CODE    
                idloc                          200000  000008  200008    200000       0  IDLOC   
                config                         300000  00000E  30000E    300000       0  CONFIG  


UNUSED ADDRESS RANGES

        Name                Unused          Largest block    Delta
        BANK0            0000FC-0000FF                4
        BANK1            000190-0001FF               70
        BANK2            000290-0002FF               70
        BANK3            000300-0003FF              100
        BANK4            000400-0004FF              100
        BANK5            000500-0005FF              100
        BIGRAM           00007D-00007F                3
                         0000FC-0000FF                4
                         000190-0001FF               70
                         000290-0005FF              370
        CODE             000004-000007                4
                         00000E-000017                A
                         001D7F-001D7F                1
                         001FD4-007FFF             602C
        COMRAM           00007D-00007F                3
        CONST            000004-000007                4
                         00000E-000017                A
                         001D7F-001D7F                1
                         001FD4-007FFF             602C
        EEDATA           F00000-F000FF              100
        MEDIUMCONST      001D7F-001D7F                1
                         001FD4-007FFF             602C
        RAM              0000FC-0000FF                4
                         000190-0001FF               70
                         000290-0005FF              100
        SFR              000F80-000FFF               80
        SMALLCONST       001D7F-001D7F                1
                         001FD4-007FFF              100
        STACK            000290-0005FF              370

                                  Symbol Table

?_PWM_Max_Duty                    cstackCOMRAM 000012
?___aldiv                         cstackCOMRAM 000004
?___awdiv                         cstackCOMRAM 000004
?___fladd                         cstackCOMRAM 00003D
?___fldiv                         cstackCOMRAM 000024
?___flmul                         cstackCOMRAM 00003D
?___fltol                         cstackCOMRAM 000056
?___xxtofl                        cstackCOMRAM 000016
Close@i                           cstackCOMRAM 000008
Draw@A                            cstackCOMRAM 000008
Draw@i                            cstackCOMRAM 00000A
MAX7219_1Unit@reg_addr            cstackCOMRAM 000007
MAX7219_1Unit@reg_data            cstackCOMRAM 000006
PWM1_Duty@duty                    cstackCOMRAM 000060
PWM1_Init@desired_frequency       cstackCOMRAM 000012
TurnLeft@MELODY_LENGTH            cstackCOMRAM 000067
TurnLeft@i                        cstackCOMRAM 00006A
TurnLeft@j                        cstackCOMRAM 000068
TurnRight@MELODY_LENGTH           cstackCOMRAM 000067
TurnRight@i                       cstackCOMRAM 00006A
TurnRight@j                       cstackCOMRAM 000068
USART_Init@baud_rate              cstackCOMRAM 000060
USART_Init@temp                   cstackCOMRAM 000064
WriteSPI@TempVar                  cstackCOMRAM 000004
WriteSPI@data_out                 cstackCOMRAM 000005
_ADCON1                           (abs)        000FC1
_CCP1M2                           (abs)        007DEA
_CCP1M3                           (abs)        007DEB
_CCP1X                            (abs)        007DED
_CCP1Y                            (abs)        007DEC
_CCPR1L                           (abs)        000FBE
_CREN                             (abs)        007D5C
_Close                            text16       001DE6
_ControlLight                     bssCOMRAM    000076
_Draw                             text15       001566
_External_Interrupt_Init          text27       001F5A
_HC_05_Init                       text21       001F76
_INTCON2                          (abs)        000FF1
_INTCON3bits                      (abs)        000FF0
_INTCONbits                       (abs)        000FF2
_IPR1bits                         (abs)        000F9F
_LATAbits                         (abs)        000F89
_LATCbits                         (abs)        000F8B
_LeftLight                        dataBANK2    000200
_Lo_ISR                           intcodelo    000018
_MAX7219_1Unit                    text19       001F90
_OSCCON                           (abs)        000FD3
_PIE1bits                         (abs)        000F9D
_PIR1bits                         (abs)        000F9E
_PR2                              (abs)        000FCB
_PWM1_Duty                        text8        001754
_PWM1_Init                        text7        001D80
_PWM1_Mode_On                     text14       001FC2
_PWM1_Start                       text13       001FA4
_PWM1_Stop                        text17       001FC8
_PWM_Max_Duty                     text10       001E9E
_RCIF                             (abs)        007CF5
_RCONbits                         (abs)        000FD0
_RCREG                            (abs)        000FAE
_RCSTA                            (abs)        000FAB
_RCSTAbits                        (abs)        000FAB
_RightLight                       dataBANK1    000100
_SPBRG                            (abs)        000FAF
_SSPBUF                           (abs)        000FC9
_SSPCON1                          (abs)        000FC6
_SSPCON1bits                      (abs)        000FC6
_SSPSTAT                          (abs)        000FC7
_T2CKPS0                          (abs)        007E50
_T2CKPS1                          (abs)        007E51
_TMR2ON                           (abs)        007E52
_TRISAbits                        (abs)        000F92
_TRISBbits                        (abs)        000F93
_TRISC6                           (abs)        007CA6
_TRISC7                           (abs)        007CA7
_TRISCbits                        (abs)        000F94
_TRISDbits                        (abs)        000F95
_TXSTA                            (abs)        000FAC
_TurnLeft                         text4        001458
_TurnRight                        text3        00134A
_USART_Init                       text22       001ADA
_USART_ReceiveChar                text2        001FBA
_WriteSPI                         text20       001EEC
__CFG_BOREN$SBORDIS               (abs)        000000
__CFG_BORV$3                      (abs)        000000
__CFG_CCP2MX$PORTC                (abs)        000000
__CFG_CP0$OFF                     (abs)        000000
__CFG_CP1$OFF                     (abs)        000000
__CFG_CP2$OFF                     (abs)        000000
__CFG_CP3$OFF                     (abs)        000000
__CFG_CPB$OFF                     (abs)        000000
__CFG_CPD$OFF                     (abs)        000000
__CFG_EBTR0$OFF                   (abs)        000000
__CFG_EBTR1$OFF                   (abs)        000000
__CFG_EBTR2$OFF                   (abs)        000000
__CFG_EBTR3$OFF                   (abs)        000000
__CFG_EBTRB$OFF                   (abs)        000000
__CFG_FCMEN$OFF                   (abs)        000000
__CFG_IESO$ON                     (abs)        000000
__CFG_LPT1OSC$OFF                 (abs)        000000
__CFG_LVP$OFF                     (abs)        000000
__CFG_MCLRE$ON                    (abs)        000000
__CFG_OSC$INTIO67                 (abs)        000000
__CFG_PBADEN$ON                   (abs)        000000
__CFG_PWRT$OFF                    (abs)        000000
__CFG_STVREN$ON                   (abs)        000000
__CFG_WDT$OFF                     (abs)        000000
__CFG_WDTPS$1                     (abs)        000000
__CFG_WRT0$OFF                    (abs)        000000
__CFG_WRT1$OFF                    (abs)        000000
__CFG_WRT2$OFF                    (abs)        000000
__CFG_WRT3$OFF                    (abs)        000000
__CFG_WRTB$OFF                    (abs)        000000
__CFG_WRTC$OFF                    (abs)        000000
__CFG_WRTD$OFF                    (abs)        000000
__CFG_XINST$OFF                   (abs)        000000
__HRAM                            (abs)        000000
__Habs1                           abs1         000000
__Hbank0                          bank0        000000
__Hbank1                          bank1        000000
__Hbank2                          bank2        000000
__Hbank3                          bank3        000000
__Hbank4                          bank4        000000
__Hbank5                          bank5        000000
__Hbigbss                         bigbss       000000
__Hbigdata                        bigdata      000000
__Hbigram                         bigram       000000
__Hbss                            bss          000000
__HbssBANK0                       bssBANK0     000000
__HbssCOMRAM                      bssCOMRAM    000000
__Hcinit                          cinit        000000
__Hclrtext                        clrtext      000000
__Hcomram                         comram       000000
__Hconfig                         config       30000E
__Hconst                          const        000000
__HcstackBANK0                    cstackBANK0  000000
__HcstackCOMRAM                   cstackCOMRAM 000000
__Hdata                           data         000000
__HdataBANK0                      dataBANK0    000000
__HdataBANK1                      dataBANK1    000000
__HdataBANK2                      dataBANK2    000000
__HdataCOMRAM                     dataCOMRAM   000000
__Heeprom_data                    eeprom_data  000000
__Hfarbss                         farbss       000000
__Hfardata                        fardata      000000
__Hibigdata                       ibigdata     000000
__Hidata                          idata        000000
__HidataBANK0                     idataBANK0   000000
__HidataBANK1                     idataBANK1   000000
__HidataBANK2                     idataBANK2   000000
__HidataCOMRAM                    idataCOMRAM  000000
__Hidloc                          idloc        200008
__Hifardata                       ifardata     000000
__Hinit                           init         0000D6
__Hintcode                        intcode      00000E
__Hintcode_body                   intcode_body 000000
__Hintcodelo                      intcodelo    0000D2
__Hintentry                       intentry     000000
__Hintret                         intret       000000
__Hintsave_regs                   intsave_regs 000000
__Hirdata                         irdata       000000
__Hmediumconst                    mediumconst  000000
__HnvFARRAM                       nvFARRAM     000000
__Hnvbit                          nvbit        000000
__Hnvrram                         nvrram       000000
__Hparam                          rparam       000000
__Hpowerup                        powerup      0000D2
__Hram                            ram          000000
__Hramtop                         ramtop       000600
__Hrbit                           rbit         000000
__Hrbss                           rbss         000000
__Hrdata                          rdata        000000
__Hreset_vec                      reset_vec    000004
__Hrparam                         rparam       000000
__Hsfr                            sfr          000000
__Hsmallconst                     smallconst   000000
__Hspace_0                        (abs)        30000E
__Hspace_1                        (abs)        000290
__Hspace_2                        (abs)        000000
__Hstack                          stack        000000
__Hstruct                         struct       000000
__Htemp                           temp         00007D
__Htext                           text         000000
__Htext0                          text0        000000
__Htext1                          text1        000000
__Htext10                         text10       000000
__Htext11                         text11       000000
__Htext12                         text12       000000
__Htext13                         text13       000000
__Htext14                         text14       000000
__Htext15                         text15       000000
__Htext16                         text16       000000
__Htext17                         text17       000000
__Htext18                         text18       000000
__Htext19                         text19       000000
__Htext2                          text2        000000
__Htext20                         text20       000000
__Htext21                         text21       000000
__Htext22                         text22       000000
__Htext23                         text23       000000
__Htext24                         text24       000000
__Htext25                         text25       000000
__Htext26                         text26       000000
__Htext27                         text27       000000
__Htext29                         text29       000000
__Htext3                          text3        000000
__Htext4                          text4        000000
__Htext5                          text5        000000
__Htext6                          text6        000000
__Htext7                          text7        000000
__Htext8                          text8        000000
__Htext9                          text9        000000
__INTInterrupt                    intcode      000008
__LRAM                            (abs)        000001
__Labs1                           abs1         000000
__Lbank0                          bank0        000000
__Lbank1                          bank1        000000
__Lbank2                          bank2        000000
__Lbank3                          bank3        000000
__Lbank4                          bank4        000000
__Lbank5                          bank5        000000
__Lbigbss                         bigbss       000000
__Lbigdata                        bigdata      000000
__Lbigram                         bigram       000000
__Lbss                            bss          000000
__LbssBANK0                       bssBANK0     000000
__LbssCOMRAM                      bssCOMRAM    000000
__Lcinit                          cinit        000000
__Lclrtext                        clrtext      000000
__Lcomram                         comram       000000
__Lconfig                         config       300000
__Lconst                          const        000000
__LcstackBANK0                    cstackBANK0  000000
__LcstackCOMRAM                   cstackCOMRAM 000000
__Ldata                           data         000000
__LdataBANK0                      dataBANK0    000000
__LdataBANK1                      dataBANK1    000000
__LdataBANK2                      dataBANK2    000000
__LdataCOMRAM                     dataCOMRAM   000000
__Leeprom_data                    eeprom_data  000000
__Lfarbss                         farbss       000000
__Lfardata                        fardata      000000
__Libigdata                       ibigdata     000000
__Lidata                          idata        000000
__LidataBANK0                     idataBANK0   000000
__LidataBANK1                     idataBANK1   000000
__LidataBANK2                     idataBANK2   000000
__LidataCOMRAM                    idataCOMRAM  000000
__Lidloc                          idloc        200000
__Lifardata                       ifardata     000000
__Linit                           init         0000D2
__Lintcode                        intcode      000008
__Lintcode_body                   intcode_body 000000
__Lintcodelo                      intcodelo    000018
__Lintentry                       intentry     000000
__Lintret                         intret       000000
__Lintsave_regs                   intsave_regs 000000
__Lirdata                         irdata       000000
__Lmediumconst                    mediumconst  000000
__LnvFARRAM                       nvFARRAM     000000
__Lnvbit                          nvbit        000000
__Lnvrram                         nvrram       000000
__Lparam                          rparam       000000
__Lpowerup                        powerup      0000D2
__Lram                            ram          000000
__Lramtop                         ramtop       000600
__Lrbit                           rbit         000000
__Lrbss                           rbss         000000
__Lrdata                          rdata        000000
__Lreset_vec                      reset_vec    000000
__Lrparam                         rparam       000000
__Lsfr                            sfr          000000
__Lsmallconst                     smallconst   000000
__Lspace_0                        (abs)        000000
__Lspace_1                        (abs)        000000
__Lspace_2                        (abs)        000000
__Lstack                          stack        000000
__Lstruct                         struct       000000
__Ltemp                           temp         00007C
__Ltext                           text         000000
__Ltext0                          text0        000000
__Ltext1                          text1        000000
__Ltext10                         text10       000000
__Ltext11                         text11       000000
__Ltext12                         text12       000000
__Ltext13                         text13       000000
__Ltext14                         text14       000000
__Ltext15                         text15       000000
__Ltext16                         text16       000000
__Ltext17                         text17       000000
__Ltext18                         text18       000000
__Ltext19                         text19       000000
__Ltext2                          text2        000000
__Ltext20                         text20       000000
__Ltext21                         text21       000000
__Ltext22                         text22       000000
__Ltext23                         text23       000000
__Ltext24                         text24       000000
__Ltext25                         text25       000000
__Ltext26                         text26       000000
__Ltext27                         text27       000000
__Ltext29                         text29       000000
__Ltext3                          text3        000000
__Ltext4                          text4        000000
__Ltext5                          text5        000000
__Ltext6                          text6        000000
__Ltext7                          text7        000000
__Ltext8                          text8        000000
__Ltext9                          text9        000000
__S0                              (abs)        30000E
__S1                              (abs)        000290
__S2                              (abs)        000000
___aldiv                          text11       001216
___aldiv@counter                  cstackCOMRAM 00000C
___aldiv@dividend                 cstackCOMRAM 000004
___aldiv@divisor                  cstackCOMRAM 000008
___aldiv@quotient                 cstackCOMRAM 00000E
___aldiv@sign                     cstackCOMRAM 00000D
___awdiv                          text12       001668
___awdiv@counter                  cstackCOMRAM 000008
___awdiv@dividend                 cstackCOMRAM 000004
___awdiv@divisor                  cstackCOMRAM 000006
___awdiv@quotient                 cstackCOMRAM 00000A
___awdiv@sign                     cstackCOMRAM 000009
___fladd                          text26       0000D6
___fladd@a                        cstackCOMRAM 000041
___fladd@aexp                     cstackCOMRAM 00004E
___fladd@b                        cstackCOMRAM 00003D
___fladd@bexp                     cstackCOMRAM 00004F
___fladd@grs                      cstackCOMRAM 000050
___fladd@signs                    cstackCOMRAM 00004D
___fldiv                          text25       000AC8
___fldiv@a                        cstackCOMRAM 000028
___fldiv@aexp                     cstackCOMRAM 00003C
___fldiv@b                        cstackCOMRAM 000024
___fldiv@bexp                     cstackCOMRAM 00003B
___fldiv@grs                      cstackCOMRAM 000037
___fldiv@new_exp                  cstackCOMRAM 000035
___fldiv@rem                      cstackCOMRAM 000030
___fldiv@sign                     cstackCOMRAM 000034
___flmul                          text9        00065A
___flmul@a                        cstackCOMRAM 000041
___flmul@aexp                     cstackCOMRAM 00004A
___flmul@b                        cstackCOMRAM 00003D
___flmul@bexp                     cstackCOMRAM 00004F
___flmul@grs                      cstackCOMRAM 00004B
___flmul@prod                     cstackCOMRAM 000050
___flmul@sign                     cstackCOMRAM 000049
___flmul@temp                     cstackCOMRAM 000054
___fltol                          text24       0010C4
___fltol@exp1                     cstackCOMRAM 00005F
___fltol@f1                       cstackCOMRAM 000056
___fltol@sign1                    cstackCOMRAM 00005E
___inthi_sp                       stack        000000
___intlo_sp                       stack        000000
___param_bank                     (abs)        000000
___rparam_used                    (abs)        000001
___sp                             stack        000000
___xxtofl                         text23       000EE8
___xxtofl@arg                     cstackCOMRAM 000020
___xxtofl@exp                     cstackCOMRAM 00001F
___xxtofl@sign                    cstackCOMRAM 00001E
___xxtofl@val                     cstackCOMRAM 000016
__accesstop                       (abs)        000080
__activetblptr                    (abs)        000000
__end_of_Close                    text16       001E46
__end_of_Draw                     text15       001668
__end_of_External_Interrupt_Init  text27       001F76
__end_of_HC_05_Init               text21       001F90
__end_of_Lo_ISR                   intcodelo    0000D2
__end_of_MAX7219_1Unit            text19       001FA4
__end_of_PWM1_Duty                text8        00182A
__end_of_PWM1_Init                text7        001DE6
__end_of_PWM1_Mode_On             text14       001FC8
__end_of_PWM1_Start               text13       001FB0
__end_of_PWM1_Stop                text17       001FCE
__end_of_PWM_Max_Duty             text10       001EEC
__end_of_TurnLeft                 text4        001566
__end_of_TurnRight                text3        001458
__end_of_USART_Init               text22       001B7A
__end_of_USART_ReceiveChar        text2        001FC2
__end_of_WriteSPI                 text20       001F30
__end_of__INTInterrupt            intcode_body 001ADA
__end_of___aldiv                  text11       00134A
__end_of___awdiv                  text12       001754
__end_of___fladd                  text26       00065A
__end_of___fldiv                  text25       000EE8
__end_of___flmul                  text9        000AC8
__end_of___fltol                  text24       001216
__end_of___xxtofl                 text23       0010C4
__end_of__initialization          cinit        001A2E
__end_of_delay_ms                 text6        001F5A
__end_of_init_MAX7219             text18       001996
__end_of_main                     text0        0018E4
__end_of_playTone                 text5        001E9E
__end_of_receiveMsg               text1        001D16
__end_ofi1_PWM1_Stop              text29       001FD4
__initialization                  cinit        001996
__mediumconst                     mediumconst  000000
__pbssBANK0                       bssBANK0     0000E9
__pbssCOMRAM                      bssCOMRAM    000076
__pcinit                          cinit        001996
__pcstackBANK0                    cstackBANK0  0000F9
__pcstackCOMRAM                   cstackCOMRAM 000001
__pdataBANK0                      dataBANK0    000080
__pdataBANK1                      dataBANK1    000100
__pdataBANK2                      dataBANK2    000200
__pdataCOMRAM                     dataCOMRAM   00006C
__pidataBANK0                     idataBANK0   001D16
__pidataBANK1                     idataBANK1   001B7A
__pidataBANK2                     idataBANK2   001C0A
__pidataCOMRAM                    idataCOMRAM  001FB0
__pintcode                        intcode      000008
__pintcode_body                   intcode_body 001A38
__pintcodelo                      intcodelo    000018
__ptext0                          text0        00182A
__ptext1                          text1        001C9A
__ptext10                         text10       001E9E
__ptext11                         text11       001216
__ptext12                         text12       001668
__ptext13                         text13       001FA4
__ptext14                         text14       001FC2
__ptext15                         text15       001566
__ptext16                         text16       001DE6
__ptext17                         text17       001FC8
__ptext18                         text18       0018E4
__ptext19                         text19       001F90
__ptext2                          text2        001FBA
__ptext20                         text20       001EEC
__ptext21                         text21       001F76
__ptext22                         text22       001ADA
__ptext23                         text23       000EE8
__ptext24                         text24       0010C4
__ptext25                         text25       000AC8
__ptext26                         text26       0000D6
__ptext27                         text27       001F5A
__ptext29                         text29       001FCE
__ptext3                          text3        00134A
__ptext4                          text4        001458
__ptext5                          text5        001E46
__ptext6                          text6        001F30
__ptext7                          text7        001D80
__ptext8                          text8        001754
__ptext9                          text9        00065A
__ramtop                          ramtop       000600
__size_of_Close                   (abs)        000000
__size_of_Draw                    (abs)        000000
__size_of_External_Interrupt_Init (abs)        000000
__size_of_HC_05_Init              (abs)        000000
__size_of_Lo_ISR                  (abs)        000000
__size_of_MAX7219_1Unit           (abs)        000000
__size_of_PWM1_Duty               (abs)        000000
__size_of_PWM1_Init               (abs)        000000
__size_of_PWM1_Mode_On            (abs)        000000
__size_of_PWM1_Start              (abs)        000000
__size_of_PWM1_Stop               (abs)        000000
__size_of_PWM_Max_Duty            (abs)        000000
__size_of_TurnLeft                (abs)        000000
__size_of_TurnRight               (abs)        000000
__size_of_USART_Init              (abs)        000000
__size_of_USART_ReceiveChar       (abs)        000000
__size_of_WriteSPI                (abs)        000000
__size_of__INTInterrupt           (abs)        000000
__size_of___aldiv                 (abs)        000000
__size_of___awdiv                 (abs)        000000
__size_of___fladd                 (abs)        000000
__size_of___fldiv                 (abs)        000000
__size_of___flmul                 (abs)        000000
__size_of___fltol                 (abs)        000000
__size_of___xxtofl                (abs)        000000
__size_of_delay_ms                (abs)        000000
__size_of_init_MAX7219            (abs)        000000
__size_of_main                    (abs)        000000
__size_of_playTone                (abs)        000000
__size_of_receiveMsg              (abs)        000000
__size_ofi1_PWM1_Stop             (abs)        000000
__smallconst                      smallconst   000000
_current_tone                     bssCOMRAM    00007A
_current_tone_duration            bssBANK0     0000F3
_delay_ms                         text6        001F30
_i                                bssBANK0     0000F7
_init_MAX7219                     text18       0018E4
_interval                         bssBANK0     0000F5
_left_flag                        bssCOMRAM    000077
_main                             text0        00182A
_max7219_REG_decodeMode           dataCOMRAM   000070
_max7219_REG_digit0               dataCOMRAM   000075
_max7219_REG_digit1               dataCOMRAM   000074
_max7219_REG_digit2               dataCOMRAM   000073
_max7219_REG_digit3               dataCOMRAM   000072
_max7219_REG_digit4               dataCOMRAM   000071
_max7219_REG_digit5               dataBANK0    0000E8
_max7219_REG_digit6               dataBANK0    0000E7
_max7219_REG_digit7               dataBANK0    0000E6
_max7219_REG_displayTest          dataCOMRAM   00006C
_max7219_REG_intensity            dataCOMRAM   00006F
_max7219_REG_noop                 bssCOMRAM    000079
_max7219_REG_scanLimit            dataCOMRAM   00006E
_max7219_REG_shutdown             dataCOMRAM   00006D
_per_arrp                         dataBANK0    000080
_playTone                         text5        001E46
_receiveMsg                       text1        001C9A
_right_flag                       bssCOMRAM    000078
_str                              bssBANK0     0000E9
_tempo                            dataBANK0    0000E4
_wait                             dataBANK0    0000E0
btemp                             temp         00007C
delay_ms@milliseconds             cstackCOMRAM 000004
end_of_initialization             cinit        001A2E
i1_PWM1_Stop                      text29       001FCE
init_MAX7219@i                    cstackCOMRAM 000009
int$flags                         temp         00007C
int_func                          intcode_body 001A38
intlevel0                         text         000000
intlevel1                         text         000000
intlevel2                         text         000000
intlevel3                         text         000000
main@i                            cstackBANK0  0000FA
receiveMsg@data_in                cstackBANK0  0000F9
stackhi                           (abs)        0005FF
stacklo                           (abs)        000290
start                             init         0000D2
start_initialization              cinit        001996
ttemp5                            temp         00007D
ttemp6                            temp         000080
ttemp7                            temp         000084
wtemp8                            temp         00007D


FUNCTION INFORMATION:

 *************** function _main *****************
 Defined at:
		line 3 in file "main.c"
 Parameters:    Size  Location     Type
		None
 Auto vars:     Size  Location     Type
  i               2    1[BANK0 ] int 
 Return value:  Size  Location     Type
                  1    wreg      void 
 Registers used:
		wreg, fsr2l, fsr2h, status,2, status,0, prodl, prodh, cstack
 Tracked objects:
		On entry : 
		On exit  : 
		Unchanged: 
 Data sizes:     COMRAM   BANK0   BANK1   BANK2   BANK3   BANK4   BANK5
      Params:         0       0       0       0       0       0       0
      Locals:         0       2       0       0       0       0       0
      Temps:          0       0       0       0       0       0       0
      Totals:         0       2       0       0       0       0       0
Total ram usage:        2 bytes
 Hardware stack levels required when called:    9
 This function calls:
		_Close
		_External_Interrupt_Init
		_HC_05_Init
		_MAX7219_1Unit
		_TurnLeft
		_TurnRight
		_init_MAX7219
		_receiveMsg
 This function is called by:
		Startup code after reset
 This function uses a non-reentrant model


 *************** function _receiveMsg *****************
 Defined at:
		line 16 in file "hc-05.c"
 Parameters:    Size  Location     Type
		None
 Auto vars:     Size  Location     Type
  data_in         1    0[BANK0 ] unsigned char 
 Return value:  Size  Location     Type
                  1    wreg      void 
 Registers used:
		wreg, fsr2l, fsr2h, status,2, status,0, prodl, prodh, cstack
 Tracked objects:
		On entry : 
		On exit  : 
		Unchanged: 
 Data sizes:     COMRAM   BANK0   BANK1   BANK2   BANK3   BANK4   BANK5
      Params:         0       0       0       0       0       0       0
      Locals:         0       1       0       0       0       0       0
      Temps:          0       0       0       0       0       0       0
      Totals:         0       1       0       0       0       0       0
Total ram usage:        1 bytes
 Hardware stack levels used:    1
 Hardware stack levels required when called:    8
 This function calls:
		_Close
		_TurnLeft
		_TurnRight
		_USART_ReceiveChar
 This function is called by:
		_main
 This function uses a non-reentrant model


 *************** function _USART_ReceiveChar *****************
 Defined at:
		line 23 in file "uart.c"
 Parameters:    Size  Location     Type
		None
 Auto vars:     Size  Location     Type
		None
 Return value:  Size  Location     Type
                  1    wreg      unsigned char 
 Registers used:
		wreg, status,2
 Tracked objects:
		On entry : 
		On exit  : 
		Unchanged: 
 Data sizes:     COMRAM   BANK0   BANK1   BANK2   BANK3   BANK4   BANK5
      Params:         0       0       0       0       0       0       0
      Locals:         0       0       0       0       0       0       0
      Temps:          0       0       0       0       0       0       0
      Totals:         0       0       0       0       0       0       0
Total ram usage:        0 bytes
 Hardware stack levels used:    1
 Hardware stack levels required when called:    3
 This function calls:
		Nothing
 This function is called by:
		_receiveMsg
 This function uses a non-reentrant model


 *************** function _TurnRight *****************
 Defined at:
		line 27 in file "dot_matrix.c"
 Parameters:    Size  Location     Type
		None
 Auto vars:     Size  Location     Type
  j               2  103[COMRAM] int 
  i               2  105[COMRAM] int 
  MELODY_LENGT    1  102[COMRAM] unsigned char 
 Return value:  Size  Location     Type
                  1    wreg      void 
 Registers used:
		wreg, fsr2l, fsr2h, status,2, status,0, prodl, prodh, cstack
 Tracked objects:
		On entry : 
		On exit  : 
		Unchanged: 
 Data sizes:     COMRAM   BANK0   BANK1   BANK2   BANK3   BANK4   BANK5
      Params:         0       0       0       0       0       0       0
      Locals:         5       0       0       0       0       0       0
      Temps:          3       0       0       0       0       0       0
      Totals:         8       0       0       0       0       0       0
Total ram usage:        8 bytes
 Hardware stack levels used:    1
 Hardware stack levels required when called:    7
 This function calls:
		_Draw
		_PWM1_Duty
		_PWM1_Init
		_PWM1_Start
		___awdiv
		_playTone
 This function is called by:
		_receiveMsg
		_main
 This function uses a non-reentrant model


 *************** function _TurnLeft *****************
 Defined at:
		line 53 in file "dot_matrix.c"
 Parameters:    Size  Location     Type
		None
 Auto vars:     Size  Location     Type
  j               2  103[COMRAM] int 
  i               2  105[COMRAM] int 
  MELODY_LENGT    1  102[COMRAM] unsigned char 
 Return value:  Size  Location     Type
                  1    wreg      void 
 Registers used:
		wreg, fsr2l, fsr2h, status,2, status,0, prodl, prodh, cstack
 Tracked objects:
		On entry : 
		On exit  : 
		Unchanged: 
 Data sizes:     COMRAM   BANK0   BANK1   BANK2   BANK3   BANK4   BANK5
      Params:         0       0       0       0       0       0       0
      Locals:         5       0       0       0       0       0       0
      Temps:          3       0       0       0       0       0       0
      Totals:         8       0       0       0       0       0       0
Total ram usage:        8 bytes
 Hardware stack levels used:    1
 Hardware stack levels required when called:    7
 This function calls:
		_Draw
		_PWM1_Duty
		_PWM1_Init
		_PWM1_Start
		___awdiv
		_playTone
 This function is called by:
		_receiveMsg
		_main
 This function uses a non-reentrant model


 *************** function _playTone *****************
 Defined at:
		line 65 in file "sound.c"
 Parameters:    Size  Location     Type
		None
 Auto vars:     Size  Location     Type
		None
 Return value:  Size  Location     Type
                  1    wreg      void 
 Registers used:
		wreg, status,2, status,0, prodl, prodh, cstack
 Tracked objects:
		On entry : 
		On exit  : 
		Unchanged: 
 Data sizes:     COMRAM   BANK0   BANK1   BANK2   BANK3   BANK4   BANK5
      Params:         0       0       0       0       0       0       0
      Locals:         0       0       0       0       0       0       0
      Temps:          0       0       0       0       0       0       0
      Totals:         0       0       0       0       0       0       0
Total ram usage:        0 bytes
 Hardware stack levels used:    1
 Hardware stack levels required when called:    6
 This function calls:
		_PWM1_Duty
		_PWM1_Init
		_delay_ms
 This function is called by:
		_TurnRight
		_TurnLeft
 This function uses a non-reentrant model


 *************** function _delay_ms *****************
 Defined at:
		line 4 in file "sound.c"
 Parameters:    Size  Location     Type
  milliseconds    2    3[COMRAM] unsigned int 
 Auto vars:     Size  Location     Type
		None
 Return value:  Size  Location     Type
                  1    wreg      void 
 Registers used:
		wreg, status,2, status,0
 Tracked objects:
		On entry : 
		On exit  : 
		Unchanged: 
 Data sizes:     COMRAM   BANK0   BANK1   BANK2   BANK3   BANK4   BANK5
      Params:         2       0       0       0       0       0       0
      Locals:         0       0       0       0       0       0       0
      Temps:          0       0       0       0       0       0       0
      Totals:         2       0       0       0       0       0       0
Total ram usage:        2 bytes
 Hardware stack levels used:    1
 Hardware stack levels required when called:    3
 This function calls:
		Nothing
 This function is called by:
		_playTone
 This function uses a non-reentrant model


 *************** function _PWM1_Init *****************
 Defined at:
		line 11 in file "sound.c"
 Parameters:    Size  Location     Type
  desired_freq    4   17[COMRAM] long 
 Auto vars:     Size  Location     Type
		None
 Return value:  Size  Location     Type
                  1    wreg      void 
 Registers used:
		wreg, status,2, status,0, cstack
 Tracked objects:
		On entry : 
		On exit  : 
		Unchanged: 
 Data sizes:     COMRAM   BANK0   BANK1   BANK2   BANK3   BANK4   BANK5
      Params:         4       0       0       0       0       0       0
      Locals:         0       0       0       0       0       0       0
      Temps:          4       0       0       0       0       0       0
      Totals:         8       0       0       0       0       0       0
Total ram usage:        8 bytes
 Hardware stack levels used:    1
 Hardware stack levels required when called:    4
 This function calls:
		___aldiv
 This function is called by:
		_playTone
		_TurnRight
		_TurnLeft
 This function uses a non-reentrant model


 *************** function _PWM1_Duty *****************
 Defined at:
		line 34 in file "sound.c"
 Parameters:    Size  Location     Type
  duty            2   95[COMRAM] unsigned int 
 Auto vars:     Size  Location     Type
		None
 Return value:  Size  Location     Type
                  1    wreg      void 
 Registers used:
		wreg, status,2, status,0, prodl, prodh, cstack
 Tracked objects:
		On entry : 
		On exit  : 
		Unchanged: 
 Data sizes:     COMRAM   BANK0   BANK1   BANK2   BANK3   BANK4   BANK5
      Params:         2       0       0       0       0       0       0
      Locals:         0       0       0       0       0       0       0
      Temps:          2       0       0       0       0       0       0
      Totals:         4       0       0       0       0       0       0
Total ram usage:        4 bytes
 Hardware stack levels used:    1
 Hardware stack levels required when called:    5
 This function calls:
		_PWM_Max_Duty
		___fldiv
		___flmul
		___fltol
		___xxtofl
 This function is called by:
		_playTone
		_TurnRight
		_TurnLeft
 This function uses a non-reentrant model


 *************** function ___flmul *****************
 Defined at:
		line 8 in file "C:\Program Files (x86)\Microchip\xc8\v2.00\pic\sources\c99\common\sprcmul.c"
 Parameters:    Size  Location     Type
  b               4   60[COMRAM] void 
  a               4   64[COMRAM] void 
 Auto vars:     Size  Location     Type
  prod            4   79[COMRAM] struct .
  grs             4   74[COMRAM] unsigned long 
  temp            2   83[COMRAM] struct .
  bexp            1   78[COMRAM] unsigned char 
  aexp            1   73[COMRAM] unsigned char 
  sign            1   72[COMRAM] unsigned char 
 Return value:  Size  Location     Type
                  4   60[COMRAM] unsigned char 
 Registers used:
		wreg, status,2, status,0, prodl, prodh
 Tracked objects:
		On entry : 
		On exit  : 
		Unchanged: 
 Data sizes:     COMRAM   BANK0   BANK1   BANK2   BANK3   BANK4   BANK5
      Params:         8       0       0       0       0       0       0
      Locals:        13       0       0       0       0       0       0
      Temps:          4       0       0       0       0       0       0
      Totals:        25       0       0       0       0       0       0
Total ram usage:       25 bytes
 Hardware stack levels used:    1
 Hardware stack levels required when called:    3
 This function calls:
		Nothing
 This function is called by:
		_PWM1_Duty
 This function uses a non-reentrant model


 *************** function _PWM_Max_Duty *****************
 Defined at:
		line 23 in file "sound.c"
 Parameters:    Size  Location     Type
		None
 Auto vars:     Size  Location     Type
		None
 Return value:  Size  Location     Type
                  2   17[COMRAM] int 
 Registers used:
		wreg, status,2, status,0, cstack
 Tracked objects:
		On entry : 
		On exit  : 
		Unchanged: 
 Data sizes:     COMRAM   BANK0   BANK1   BANK2   BANK3   BANK4   BANK5
      Params:         2       0       0       0       0       0       0
      Locals:         0       0       0       0       0       0       0
      Temps:          2       0       0       0       0       0       0
      Totals:         4       0       0       0       0       0       0
Total ram usage:        4 bytes
 Hardware stack levels used:    1
 Hardware stack levels required when called:    4
 This function calls:
		___aldiv
 This function is called by:
		_PWM1_Duty
 This function uses a non-reentrant model


 *************** function ___aldiv *****************
 Defined at:
		line 7 in file "C:\Program Files (x86)\Microchip\xc8\v2.00\pic\sources\c99\common\aldiv.c"
 Parameters:    Size  Location     Type
  dividend        4    3[COMRAM] long 
  divisor         4    7[COMRAM] long 
 Auto vars:     Size  Location     Type
  quotient        4   13[COMRAM] long 
  sign            1   12[COMRAM] unsigned char 
  counter         1   11[COMRAM] unsigned char 
 Return value:  Size  Location     Type
                  4    3[COMRAM] long 
 Registers used:
		wreg, status,2, status,0
 Tracked objects:
		On entry : 
		On exit  : 
		Unchanged: 
 Data sizes:     COMRAM   BANK0   BANK1   BANK2   BANK3   BANK4   BANK5
      Params:         8       0       0       0       0       0       0
      Locals:         6       0       0       0       0       0       0
      Temps:          0       0       0       0       0       0       0
      Totals:        14       0       0       0       0       0       0
Total ram usage:       14 bytes
 Hardware stack levels used:    1
 Hardware stack levels required when called:    3
 This function calls:
		Nothing
 This function is called by:
		_PWM1_Init
		_PWM_Max_Duty
 This function uses a non-reentrant model


 *************** function ___awdiv *****************
 Defined at:
		line 7 in file "C:\Program Files (x86)\Microchip\xc8\v2.00\pic\sources\c99\common\awdiv.c"
 Parameters:    Size  Location     Type
  dividend        2    3[COMRAM] int 
  divisor         2    5[COMRAM] int 
 Auto vars:     Size  Location     Type
  quotient        2    9[COMRAM] int 
  sign            1    8[COMRAM] unsigned char 
  counter         1    7[COMRAM] unsigned char 
 Return value:  Size  Location     Type
                  2    3[COMRAM] int 
 Registers used:
		wreg, status,2, status,0
 Tracked objects:
		On entry : 
		On exit  : 
		Unchanged: 
 Data sizes:     COMRAM   BANK0   BANK1   BANK2   BANK3   BANK4   BANK5
      Params:         4       0       0       0       0       0       0
      Locals:         4       0       0       0       0       0       0
      Temps:          0       0       0       0       0       0       0
      Totals:         8       0       0       0       0       0       0
Total ram usage:        8 bytes
 Hardware stack levels used:    1
 Hardware stack levels required when called:    3
 This function calls:
		Nothing
 This function is called by:
		_TurnRight
		_TurnLeft
 This function uses a non-reentrant model


 *************** function _PWM1_Start *****************
 Defined at:
		line 49 in file "sound.c"
 Parameters:    Size  Location     Type
		None
 Auto vars:     Size  Location     Type
		None
 Return value:  Size  Location     Type
                  1    wreg      void 
 Registers used:
		cstack
 Tracked objects:
		On entry : 
		On exit  : 
		Unchanged: 
 Data sizes:     COMRAM   BANK0   BANK1   BANK2   BANK3   BANK4   BANK5
      Params:         0       0       0       0       0       0       0
      Locals:         0       0       0       0       0       0       0
      Temps:          0       0       0       0       0       0       0
      Totals:         0       0       0       0       0       0       0
Total ram usage:        0 bytes
 Hardware stack levels used:    1
 Hardware stack levels required when called:    4
 This function calls:
		_PWM1_Mode_On
 This function is called by:
		_TurnRight
		_TurnLeft
 This function uses a non-reentrant model


 *************** function _PWM1_Mode_On *****************
 Defined at:
		line 43 in file "sound.c"
 Parameters:    Size  Location     Type
		None
 Auto vars:     Size  Location     Type
		None
 Return value:  Size  Location     Type
                  1    wreg      void 
 Registers used:
		None
 Tracked objects:
		On entry : 
		On exit  : 
		Unchanged: 
 Data sizes:     COMRAM   BANK0   BANK1   BANK2   BANK3   BANK4   BANK5
      Params:         0       0       0       0       0       0       0
      Locals:         0       0       0       0       0       0       0
      Temps:          0       0       0       0       0       0       0
      Totals:         0       0       0       0       0       0       0
Total ram usage:        0 bytes
 Hardware stack levels used:    1
 Hardware stack levels required when called:    3
 This function calls:
		Nothing
 This function is called by:
		_PWM1_Start
 This function uses a non-reentrant model


 *************** function _Draw *****************
 Defined at:
		line 84 in file "dot_matrix.c"
 Parameters:    Size  Location     Type
  A               2    7[COMRAM] PTR unsigned short 
		 -> LeftLight(144), RightLight(144), 
  i               2    9[COMRAM] int 
 Auto vars:     Size  Location     Type
		None
 Return value:  Size  Location     Type
                  1    wreg      void 
 Registers used:
		wreg, fsr2l, fsr2h, status,2, status,0, cstack
 Tracked objects:
		On entry : 
		On exit  : 
		Unchanged: 
 Data sizes:     COMRAM   BANK0   BANK1   BANK2   BANK3   BANK4   BANK5
      Params:         4       0       0       0       0       0       0
      Locals:         0       0       0       0       0       0       0
      Temps:          0       0       0       0       0       0       0
      Totals:         4       0       0       0       0       0       0
Total ram usage:        4 bytes
 Hardware stack levels used:    1
 Hardware stack levels required when called:    5
 This function calls:
		_MAX7219_1Unit
 This function is called by:
		_TurnRight
		_TurnLeft
 This function uses a non-reentrant model


 *************** function _Close *****************
 Defined at:
		line 77 in file "dot_matrix.c"
 Parameters:    Size  Location     Type
		None
 Auto vars:     Size  Location     Type
  i               2    7[COMRAM] int 
 Return value:  Size  Location     Type
                  1    wreg      void 
 Registers used:
		wreg, status,2, status,0, cstack
 Tracked objects:
		On entry : 
		On exit  : 
		Unchanged: 
 Data sizes:     COMRAM   BANK0   BANK1   BANK2   BANK3   BANK4   BANK5
      Params:         0       0       0       0       0       0       0
      Locals:         2       0       0       0       0       0       0
      Temps:          0       0       0       0       0       0       0
      Totals:         2       0       0       0       0       0       0
Total ram usage:        2 bytes
 Hardware stack levels used:    1
 Hardware stack levels required when called:    5
 This function calls:
		_MAX7219_1Unit
		_PWM1_Stop
 This function is called by:
		_receiveMsg
		_main
 This function uses a non-reentrant model


 *************** function _PWM1_Stop *****************
 Defined at:
		line 59 in file "sound.c"
 Parameters:    Size  Location     Type
		None
 Auto vars:     Size  Location     Type
		None
 Return value:  Size  Location     Type
                  1    wreg      void 
 Registers used:
		None
 Tracked objects:
		On entry : 
		On exit  : 
		Unchanged: 
 Data sizes:     COMRAM   BANK0   BANK1   BANK2   BANK3   BANK4   BANK5
      Params:         0       0       0       0       0       0       0
      Locals:         0       0       0       0       0       0       0
      Temps:          0       0       0       0       0       0       0
      Totals:         0       0       0       0       0       0       0
Total ram usage:        0 bytes
 Hardware stack levels used:    1
 Hardware stack levels required when called:    3
 This function calls:
		Nothing
 This function is called by:
		_Close
 This function uses a non-reentrant model


 *************** function _init_MAX7219 *****************
 Defined at:
		line 95 in file "dot_matrix.c"
 Parameters:    Size  Location     Type
		None
 Auto vars:     Size  Location     Type
  i               2    8[COMRAM] int 
 Return value:  Size  Location     Type
                  1    wreg      void 
 Registers used:
		wreg, status,2, status,0, cstack
 Tracked objects:
		On entry : 
		On exit  : 
		Unchanged: 
 Data sizes:     COMRAM   BANK0   BANK1   BANK2   BANK3   BANK4   BANK5
      Params:         0       0       0       0       0       0       0
      Locals:         2       0       0       0       0       0       0
      Temps:          1       0       0       0       0       0       0
      Totals:         3       0       0       0       0       0       0
Total ram usage:        3 bytes
 Hardware stack levels used:    1
 Hardware stack levels required when called:    5
 This function calls:
		_MAX7219_1Unit
 This function is called by:
		_main
 This function uses a non-reentrant model


 *************** function _MAX7219_1Unit *****************
 Defined at:
		line 20 in file "dot_matrix.c"
 Parameters:    Size  Location     Type
  reg_addr        1    wreg     unsigned char 
  reg_data        1    5[COMRAM] unsigned char 
 Auto vars:     Size  Location     Type
  reg_addr        1    6[COMRAM] unsigned char 
 Return value:  Size  Location     Type
                  1    wreg      void 
 Registers used:
		wreg, status,2, cstack
 Tracked objects:
		On entry : 
		On exit  : 
		Unchanged: 
 Data sizes:     COMRAM   BANK0   BANK1   BANK2   BANK3   BANK4   BANK5
      Params:         1       0       0       0       0       0       0
      Locals:         1       0       0       0       0       0       0
      Temps:          0       0       0       0       0       0       0
      Totals:         2       0       0       0       0       0       0
Total ram usage:        2 bytes
 Hardware stack levels used:    1
 Hardware stack levels required when called:    4
 This function calls:
		_WriteSPI
 This function is called by:
		_main
		_Close
		_Draw
		_init_MAX7219
 This function uses a non-reentrant model


 *************** function _WriteSPI *****************
 Defined at:
		line 3 in file "SPI.c"
 Parameters:    Size  Location     Type
  data_out        1    wreg     unsigned char 
 Auto vars:     Size  Location     Type
  data_out        1    4[COMRAM] unsigned char 
  TempVar         1    3[COMRAM] unsigned char 
 Return value:  Size  Location     Type
                  1    wreg      char 
 Registers used:
		wreg
 Tracked objects:
		On entry : 
		On exit  : 
		Unchanged: 
 Data sizes:     COMRAM   BANK0   BANK1   BANK2   BANK3   BANK4   BANK5
      Params:         0       0       0       0       0       0       0
      Locals:         2       0       0       0       0       0       0
      Temps:          0       0       0       0       0       0       0
      Totals:         2       0       0       0       0       0       0
Total ram usage:        2 bytes
 Hardware stack levels used:    1
 Hardware stack levels required when called:    3
 This function calls:
		Nothing
 This function is called by:
		_MAX7219_1Unit
 This function uses a non-reentrant model


 *************** function _HC_05_Init *****************
 Defined at:
		line 11 in file "hc-05.c"
 Parameters:    Size  Location     Type
		None
 Auto vars:     Size  Location     Type
		None
 Return value:  Size  Location     Type
                  1    wreg      void 
 Registers used:
		wreg, status,2, status,0, cstack
 Tracked objects:
		On entry : 
		On exit  : 
		Unchanged: 
 Data sizes:     COMRAM   BANK0   BANK1   BANK2   BANK3   BANK4   BANK5
      Params:         0       0       0       0       0       0       0
      Locals:         0       0       0       0       0       0       0
      Temps:          0       0       0       0       0       0       0
      Totals:         0       0       0       0       0       0       0
Total ram usage:        0 bytes
 Hardware stack levels used:    1
 Hardware stack levels required when called:    5
 This function calls:
		_USART_Init
 This function is called by:
		_main
 This function uses a non-reentrant model


 *************** function _USART_Init *****************
 Defined at:
		line 4 in file "uart.c"
 Parameters:    Size  Location     Type
  baud_rate       4   95[COMRAM] long 
 Auto vars:     Size  Location     Type
  temp            4   99[COMRAM] float 
 Return value:  Size  Location     Type
                  1    wreg      void 
 Registers used:
		wreg, status,2, status,0, cstack
 Tracked objects:
		On entry : 
		On exit  : 
		Unchanged: 
 Data sizes:     COMRAM   BANK0   BANK1   BANK2   BANK3   BANK4   BANK5
      Params:         4       0       0       0       0       0       0
      Locals:         4       0       0       0       0       0       0
      Temps:          0       0       0       0       0       0       0
      Totals:         8       0       0       0       0       0       0
Total ram usage:        8 bytes
 Hardware stack levels used:    1
 Hardware stack levels required when called:    4
 This function calls:
		___fladd
		___fldiv
		___fltol
		___xxtofl
 This function is called by:
		_HC_05_Init
 This function uses a non-reentrant model


 *************** function ___xxtofl *****************
 Defined at:
		line 10 in file "C:\Program Files (x86)\Microchip\xc8\v2.00\pic\sources\c99\common\xxtofl.c"
 Parameters:    Size  Location     Type
  sign            1    wreg     unsigned char 
  val             4   21[COMRAM] long 
 Auto vars:     Size  Location     Type
  sign            1   29[COMRAM] unsigned char 
  arg             4   31[COMRAM] unsigned long 
  exp             1   30[COMRAM] unsigned char 
 Return value:  Size  Location     Type
                  4   21[COMRAM] unsigned char 
 Registers used:
		wreg, status,2, status,0
 Tracked objects:
		On entry : 
		On exit  : 
		Unchanged: 
 Data sizes:     COMRAM   BANK0   BANK1   BANK2   BANK3   BANK4   BANK5
      Params:         4       0       0       0       0       0       0
      Locals:         6       0       0       0       0       0       0
      Temps:          4       0       0       0       0       0       0
      Totals:        14       0       0       0       0       0       0
Total ram usage:       14 bytes
 Hardware stack levels used:    1
 Hardware stack levels required when called:    3
 This function calls:
		Nothing
 This function is called by:
		_USART_Init
		_PWM1_Duty
 This function uses a non-reentrant model


 *************** function ___fltol *****************
 Defined at:
		line 43 in file "C:\Program Files (x86)\Microchip\xc8\v2.00\pic\sources\c99\common\fltol.c"
 Parameters:    Size  Location     Type
  f1              4   85[COMRAM] unsigned char 
 Auto vars:     Size  Location     Type
  exp1            1   94[COMRAM] unsigned char 
  sign1           1   93[COMRAM] unsigned char 
 Return value:  Size  Location     Type
                  4   85[COMRAM] long 
 Registers used:
		wreg, status,2, status,0
 Tracked objects:
		On entry : 
		On exit  : 
		Unchanged: 
 Data sizes:     COMRAM   BANK0   BANK1   BANK2   BANK3   BANK4   BANK5
      Params:         4       0       0       0       0       0       0
      Locals:         2       0       0       0       0       0       0
      Temps:          4       0       0       0       0       0       0
      Totals:        10       0       0       0       0       0       0
Total ram usage:       10 bytes
 Hardware stack levels used:    1
 Hardware stack levels required when called:    3
 This function calls:
		Nothing
 This function is called by:
		_USART_Init
		_PWM1_Duty
 This function uses a non-reentrant model


 *************** function ___fldiv *****************
 Defined at:
		line 11 in file "C:\Program Files (x86)\Microchip\xc8\v2.00\pic\sources\c99\common\sprcdiv.c"
 Parameters:    Size  Location     Type
  b               4   35[COMRAM] long 
  a               4   39[COMRAM] long 
 Auto vars:     Size  Location     Type
  grs             4   54[COMRAM] unsigned long 
  rem             4   47[COMRAM] unsigned long 
  new_exp         2   52[COMRAM] short 
  aexp            1   59[COMRAM] unsigned char 
  bexp            1   58[COMRAM] unsigned char 
  sign            1   51[COMRAM] unsigned char 
 Return value:  Size  Location     Type
                  4   35[COMRAM] unsigned char 
 Registers used:
		wreg, status,2, status,0
 Tracked objects:
		On entry : 
		On exit  : 
		Unchanged: 
 Data sizes:     COMRAM   BANK0   BANK1   BANK2   BANK3   BANK4   BANK5
      Params:         8       0       0       0       0       0       0
      Locals:        13       0       0       0       0       0       0
      Temps:          4       0       0       0       0       0       0
      Totals:        25       0       0       0       0       0       0
Total ram usage:       25 bytes
 Hardware stack levels used:    1
 Hardware stack levels required when called:    3
 This function calls:
		Nothing
 This function is called by:
		_USART_Init
		_PWM1_Duty
 This function uses a non-reentrant model


 *************** function ___fladd *****************
 Defined at:
		line 10 in file "C:\Program Files (x86)\Microchip\xc8\v2.00\pic\sources\c99\common\sprcadd.c"
 Parameters:    Size  Location     Type
  b               4   60[COMRAM] unsigned char 
  a               4   64[COMRAM] unsigned char 
 Auto vars:     Size  Location     Type
  grs             1   79[COMRAM] unsigned char 
  bexp            1   78[COMRAM] unsigned char 
  aexp            1   77[COMRAM] unsigned char 
  signs           1   76[COMRAM] unsigned char 
 Return value:  Size  Location     Type
                  4   60[COMRAM] unsigned char 
 Registers used:
		wreg, status,2, status,0
 Tracked objects:
		On entry : 
		On exit  : 
		Unchanged: 
 Data sizes:     COMRAM   BANK0   BANK1   BANK2   BANK3   BANK4   BANK5
      Params:         8       0       0       0       0       0       0
      Locals:         4       0       0       0       0       0       0
      Temps:          8       0       0       0       0       0       0
      Totals:        20       0       0       0       0       0       0
Total ram usage:       20 bytes
 Hardware stack levels used:    1
 Hardware stack levels required when called:    3
 This function calls:
		Nothing
 This function is called by:
		_USART_Init
 This function uses a non-reentrant model


 *************** function _External_Interrupt_Init *****************
 Defined at:
		line 121 in file "dot_matrix.c"
 Parameters:    Size  Location     Type
		None
 Auto vars:     Size  Location     Type
		None
 Return value:  Size  Location     Type
                  1    wreg      void 
 Registers used:
		wreg, status,2
 Tracked objects:
		On entry : 
		On exit  : 
		Unchanged: 
 Data sizes:     COMRAM   BANK0   BANK1   BANK2   BANK3   BANK4   BANK5
      Params:         0       0       0       0       0       0       0
      Locals:         0       0       0       0       0       0       0
      Temps:          0       0       0       0       0       0       0
      Totals:         0       0       0       0       0       0       0
Total ram usage:        0 bytes
 Hardware stack levels used:    1
 Hardware stack levels required when called:    3
 This function calls:
		Nothing
 This function is called by:
		_main
 This function uses a non-reentrant model


 *************** function _Lo_ISR *****************
 Defined at:
		line 33 in file "uart.c"
 Parameters:    Size  Location     Type
		None
 Auto vars:     Size  Location     Type
		None
 Return value:  Size  Location     Type
                  1    wreg      void 
 Registers used:
		wreg, status,2, status,0, cstack
 Tracked objects:
		On entry : 
		On exit  : 
		Unchanged: 
 Data sizes:     COMRAM   BANK0   BANK1   BANK2   BANK3   BANK4   BANK5
      Params:         0       0       0       0       0       0       0
      Locals:         0       0       0       0       0       0       0
      Temps:          3       0       0       0       0       0       0
      Totals:         3       0       0       0       0       0       0
Total ram usage:        3 bytes
 Hardware stack levels used:    1
 Hardware stack levels required when called:    2
 This function calls:
		i1_PWM1_Stop
 This function is called by:
		Interrupt level 1
 This function uses a non-reentrant model


 *************** function i1_PWM1_Stop *****************
 Defined at:
		line 59 in file "sound.c"
 Parameters:    Size  Location     Type
		None
 Auto vars:     Size  Location     Type
		None
 Return value:  Size  Location     Type
                  1    wreg      void 
 Registers used:
		None
 Tracked objects:
		On entry : 
		On exit  : 
		Unchanged: 
 Data sizes:     COMRAM   BANK0   BANK1   BANK2   BANK3   BANK4   BANK5
      Params:         0       0       0       0       0       0       0
      Locals:         0       0       0       0       0       0       0
      Temps:          0       0       0       0       0       0       0
      Totals:         0       0       0       0       0       0       0
Total ram usage:        0 bytes
 Hardware stack levels used:    1
 Hardware stack levels required when called:    1
 This function calls:
		Nothing
 This function is called by:
		_Lo_ISR
 This function uses a non-reentrant model


 *************** function __INTInterrupt *****************
 Defined at:
		line 142 in file "dot_matrix.c"
 Parameters:    Size  Location     Type
		None
 Auto vars:     Size  Location     Type
		None
 Return value:  Size  Location     Type
                  1    wreg      void 
 Registers used:
		wreg, status,2, status,0
 Tracked objects:
		On entry : 
		On exit  : 
		Unchanged: 
 Data sizes:     COMRAM   BANK0   BANK1   BANK2   BANK3   BANK4   BANK5
      Params:         0       0       0       0       0       0       0
      Locals:         0       0       0       0       0       0       0
      Temps:          0       0       0       0       0       0       0
      Totals:         0       0       0       0       0       0       0
Total ram usage:        0 bytes
 Hardware stack levels used:    1
 This function calls:
		Nothing
 This function is called by:
		Interrupt level 2
 This function uses a non-reentrant model



MODULE INFORMATION

Module		Function		Class		Link	Load	Size
C:\Program Files (x86)\Microchip\xc8\v2.00\pic\sources\c99\common\sprcmul.c
		___flmul       		CODE           	065A	0000	1135

C:\Program Files (x86)\Microchip\xc8\v2.00\pic\sources\c99\common\sprcmul.c estimated size: 1135

C:\Program Files (x86)\Microchip\xc8\v2.00\pic\sources\c99\common\sprcdiv.c
		___fldiv       		CODE           	0AC8	0000	1057

C:\Program Files (x86)\Microchip\xc8\v2.00\pic\sources\c99\common\sprcdiv.c estimated size: 1057

uart.c
		_Lo_ISR        		CODE           	0018	0000	187
		_USART_ReceiveChar		CODE           	1FBA	0000	9
		_USART_Init    		CODE           	1ADA	0000	161

uart.c estimated size: 357

hc-05.c
		_HC_05_Init    		CODE           	1F76	0000	27
		_receiveMsg    		CODE           	1C9A	0000	125

hc-05.c estimated size: 152

C:\Program Files (x86)\Microchip\xc8\v2.00\pic\sources\c99\common\xxtofl.c
		___xxtofl      		CODE           	0EE8	0000	477

C:\Program Files (x86)\Microchip\xc8\v2.00\pic\sources\c99\common\xxtofl.c estimated size: 477

C:\Program Files (x86)\Microchip\xc8\v2.00\pic\sources\c99\common\sprcadd.c
		___fladd       		CODE           	00D6	0000	1413

C:\Program Files (x86)\Microchip\xc8\v2.00\pic\sources\c99\common\sprcadd.c estimated size: 1413

C:\Program Files (x86)\Microchip\xc8\v2.00\pic\sources\c99\common\awdiv.c
		___awdiv       		CODE           	1668	0000	237

C:\Program Files (x86)\Microchip\xc8\v2.00\pic\sources\c99\common\awdiv.c estimated size: 237

dot_matrix.c
		_Close         		CODE           	1DE6	0000	97
		_External_Interrupt_Init		CODE           	1F5A	0000	29
		__INTInterrupt 		CODE           	0008	0000	169
		_MAX7219_1Unit 		CODE           	1F90	0000	21
		_init_MAX7219  		CODE           	18E4	0000	179
		_Draw          		CODE           	1566	0000	259
		_TurnLeft      		CODE           	1458	0000	271
		_TurnRight     		CODE           	134A	0000	271

dot_matrix.c estimated size: 1296

shared
		i1_PWM1_Stop   		CODE           	1FCE	0000	7
		__initialization		CODE           	1996	0000	153

shared estimated size: 160

C:\Program Files (x86)\Microchip\xc8\v2.00\pic\sources\c99\common\fltol.c
		___fltol       		CODE           	10C4	0000	339

C:\Program Files (x86)\Microchip\xc8\v2.00\pic\sources\c99\common\fltol.c estimated size: 339

C:\Program Files (x86)\Microchip\xc8\v2.00\pic\sources\c99\common\aldiv.c
		___aldiv       		CODE           	1216	0000	309

C:\Program Files (x86)\Microchip\xc8\v2.00\pic\sources\c99\common\aldiv.c estimated size: 309

SPI.c
		_WriteSPI      		CODE           	1EEC	0000	69

SPI.c estimated size: 69

main.c
		_main          		CODE           	182A	0000	187

main.c estimated size: 187

sound.c
		_PWM1_Stop     		CODE           	1FC8	0000	7
		_PWM1_Start    		CODE           	1FA4	0000	13
		_PWM1_Init     		CODE           	1D80	0000	103
		_playTone      		CODE           	1E46	0000	89
		_PWM_Max_Duty  		CODE           	1E9E	0000	79
		_PWM1_Duty     		CODE           	1754	0000	215
		_PWM1_Mode_On  		CODE           	1FC2	0000	7
		_delay_ms      		CODE           	1F30	0000	43

sound.c estimated size: 556

