Microchip MPLAB XC8 Compiler V2.00 ()

Linker command line:

-W-3 --edf=C:\Program Files (x86)\Microchip\xc8\v2.00\pic\dat\en_msgs.txt \
  -cs -h+dist/default/production\SPI_LIB.X.production.sym \
  --cmf=dist/default/production\SPI_LIB.X.production.cmf -z -Q18F4520 \
  -oC:\Users\APLUS_~1\AppData\Local\Temp\s1ps.2 --defsym=__MPLAB_BUILD=1 \
  -Mdist/default/production/SPI_LIB.X.production.map -E1 -ver=XC8 \
  --acfsm=1493 -ASTACK=080h-05ffh -pstack=STACK -ACODE=00h-07FFFh \
  -ACONST=00h-07FFFh -ASMALLCONST=0600h-06FFhx122 \
  -AMEDIUMCONST=0600h-07FFFh -ACOMRAM=01h-07Fh -AABS1=00h-05FFh \
  -ABIGRAM=01h-05FFh -ARAM=080h-0FFh,0100h-01FFhx5 -ABANK0=080h-0FFh \
  -ABANK1=0100h-01FFh -ABANK2=0200h-02FFh -ABANK3=0300h-03FFh \
  -ABANK4=0400h-04FFh -ABANK5=0500h-05FFh -ASFR=0F80h-0FFFh \
  -preset_vec=00h,intcode=08h,intcodelo,powerup,init -pramtop=0600h \
  -psmallconst=SMALLCONST -pmediumconst=MEDIUMCONST -pconst=CONST \
  -AFARRAM=00h-00h -ACONFIG=0300000h-030000Dh -pconfig=CONFIG \
  -AIDLOC=0200000h-0200007h -pidloc=IDLOC -AEEDATA=0F00000h-0F000FFh \
  -peeprom_data=EEDATA \
  -prdata=COMRAM,nvrram=COMRAM,nvbit=COMRAM,rbss=COMRAM,rbit=COMRAM \
  -pfarbss=FARRAM,fardata=FARRAM,nvFARRAM=FARRAM \
  -pintsave_regs=BIGRAM,bigbss=BIGRAM,bigdata=BIGRAM -pbss=RAM \
  -pidata=CODE,irdata=CODE,ibigdata=CODE,ifardata=CODE -prparam=COMRAM \
  C:\Users\APLUS_~1\AppData\Local\Temp\s1ps.o \
  dist/default/production\SPI_LIB.X.production.o 

Object code version is 3.11

Machine type is 18F4520

Call graph: (short form)




                Name                               Link     Load   Length Selector   Space Scale
C:\Users\APLUS_~1\AppData\Local\Temp\s1ps.o
                init                                  E        E        4        4       0
                reset_vec                             0        0        4        0       0
                idloc                            200000   200000        8   200000       0
                config                           300000   300000        E   300000       0
dist/default/production\SPI_LIB.X.production.o
                intcode                               8        8        6        4       0
                temp                                 58       58        1        1       1
                intcode_body                        AE4      AE4       C8        4       0
                text12                              D32      D32       18      699       0
                text11                              C54      C54       46        4       0
                text10                              C9A      C9A       44        4       0
                text9                               D60      D60       14      699       0
                text8                               9E2      9E2      102        4       0
                text7                               D74      D74        C      699       0
                text6                               87A      87A      168        4       0
                text5                                12       12      46E        4       0
                text4                               69E      69E      1DC        4       0
                text3                               BAC      BAC       5C        4       0
                text2                               C08      C08       4C        4       0
                text1                               D4A      D4A       16      699       0
                text0                               480      480      21E        4       0
                cstackCOMRAM                          1        1       2B        1       1
                dataCOMRAM                           2C       2C       1D        1       1
                bssCOMRAM                            49       49        F        1       1
                cinit                               CDE      CDE       36        4       0
                idataCOMRAM                         D14      D14       1D        4       0

TOTAL           Name                               Link     Load   Length     Space
        CLASS   STACK          

        CLASS   CODE           
                intcode                               8        8        6         0
                init                                  E        E        4         0
                reset_vec                             0        0        4         0
                intcode_body                        AE4      AE4       C8         0
                text12                              D32      D32       18         0
                text11                              C54      C54       46         0
                text10                              C9A      C9A       44         0
                text9                               D60      D60       14         0
                text8                               9E2      9E2      102         0
                text7                               D74      D74        C         0
                text6                               87A      87A      168         0
                text5                                12       12      46E         0
                text4                               69E      69E      1DC         0
                text3                               BAC      BAC       5C         0
                text2                               C08      C08       4C         0
                text1                               D4A      D4A       16         0
                text0                               480      480      21E         0
                cinit                               CDE      CDE       36         0
                idataCOMRAM                         D14      D14       1D         0

        CLASS   CONST          

        CLASS   SMALLCONST     

        CLASS   MEDIUMCONST    

        CLASS   COMRAM         
                temp                                 58       58        1         1
                cstackCOMRAM                          1        1       2B         1
                dataCOMRAM                           2C       2C       1D         1
                bssCOMRAM                            49       49        F         1

        CLASS   ABS1           

        CLASS   BIGRAM         

        CLASS   RAM            

        CLASS   BANK0          

        CLASS   BANK1          

        CLASS   BANK2          

        CLASS   BANK3          

        CLASS   BANK4          

        CLASS   BANK5          

        CLASS   SFR            

        CLASS   FARRAM         

        CLASS   CONFIG         
                config                           300000   300000        E         0

        CLASS   IDLOC          
                idloc                            200000   200000        8         0

        CLASS   EEDATA         



SEGMENTS        Name                           Load    Length   Top    Selector   Space  Class

                reset_vec                      000000  000004  000004         0       0  CODE    
                cstackCOMRAM                   000001  000058  000059         1       1  COMRAM  
                intcode                        000008  000D29  000D31         4       0  CODE    
                text12                         000D32  00004E  000D80       699       0  CODE    
                idloc                          200000  000008  200008    200000       0  IDLOC   
                config                         300000  00000E  30000E    300000       0  CONFIG  


UNUSED ADDRESS RANGES

        Name                Unused          Largest block    Delta
        BANK0            000080-0000FF               80
        BANK1            000100-0001FF              100
        BANK2            000200-0002FF              100
        BANK3            000300-0003FF              100
        BANK4            000400-0004FF              100
        BANK5            000500-0005FF              100
        BIGRAM           000059-0005FF              5A7
        CODE             000004-000007                4
                         000D31-000D31                1
                         000D80-007FFF             7280
        COMRAM           000059-00007F               27
        CONST            000004-000007                4
                         000D31-000D31                1
                         000D80-007FFF             7280
        EEDATA           F00000-F000FF              100
        MEDIUMCONST      000D31-000D31                1
                         000D80-007FFF             7280
        RAM              000080-0005FF              100
        SFR              000F80-000FFF               80
        SMALLCONST       000D31-000D31                1
                         000D80-007FFF              100
        STACK            000080-0005FF              580

                                  Symbol Table

?_ADC_Read               cstackCOMRAM 000001
?___flmul                cstackCOMRAM 00000F
?___xxtofl               cstackCOMRAM 000001
ADC_Read@digital         cstackCOMRAM 000005
Draw@A                   cstackCOMRAM 000005
Draw@i                   cstackCOMRAM 000007
MAX7219_1Unit@reg_addr   cstackCOMRAM 000004
MAX7219_1Unit@reg_data   cstackCOMRAM 000003
Stop@mode                cstackCOMRAM 000005
TurnOff@i                cstackCOMRAM 000005
WriteSPI@TempVar         cstackCOMRAM 000001
WriteSPI@data_out        cstackCOMRAM 000002
_ADCON0bits              (abs)        000FC2
_ADCON1                  (abs)        000FC1
_ADCON2bits              (abs)        000FC0
_ADC_Initialize          text12       000D32
_ADC_Read                text11       000C54
_ADFM                    (abs)        007E07
_ADRESH                  (abs)        000FC4
_ADRESL                  (abs)        000FC3
_Draw                    text8        0009E2
_INTCONbits              (abs)        000FF2
_IPR1bits                (abs)        000F9F
_LATAbits                (abs)        000F89
_LATCbits                (abs)        000F8B
_LATDbits                (abs)        000F8C
_MAX7219_1Unit           text9        000D60
_PIE1bits                (abs)        000F9D
_PIR1bits                (abs)        000F9E
_PR2                     (abs)        000FCB
_RCONbits                (abs)        000FD0
_SSPBUF                  (abs)        000FC9
_SSPCON1                 (abs)        000FC6
_SSPCON1bits             (abs)        000FC6
_SSPSTAT                 (abs)        000FC7
_Stop                    text7        000D74
_T2CON                   (abs)        000FCA
_TMR2IE                  (abs)        007CE9
_TMR2IF                  (abs)        007CF1
_TRISAbits               (abs)        000F92
_TRISCbits               (abs)        000F94
_TRISDbits               (abs)        000F95
_TurnOff                 text3        000BAC
_WriteSPI                text10       000C9A
__CFG_BOREN$SBORDIS      (abs)        000000
__CFG_BORV$3             (abs)        000000
__CFG_CCP2MX$PORTC       (abs)        000000
__CFG_CP0$OFF            (abs)        000000
__CFG_CP1$OFF            (abs)        000000
__CFG_CP2$OFF            (abs)        000000
__CFG_CP3$OFF            (abs)        000000
__CFG_CPB$OFF            (abs)        000000
__CFG_CPD$OFF            (abs)        000000
__CFG_EBTR0$OFF          (abs)        000000
__CFG_EBTR1$OFF          (abs)        000000
__CFG_EBTR2$OFF          (abs)        000000
__CFG_EBTR3$OFF          (abs)        000000
__CFG_EBTRB$OFF          (abs)        000000
__CFG_FCMEN$OFF          (abs)        000000
__CFG_IESO$ON            (abs)        000000
__CFG_LPT1OSC$OFF        (abs)        000000
__CFG_LVP$OFF            (abs)        000000
__CFG_MCLRE$ON           (abs)        000000
__CFG_OSC$INTIO67        (abs)        000000
__CFG_PBADEN$ON          (abs)        000000
__CFG_PWRT$OFF           (abs)        000000
__CFG_STVREN$ON          (abs)        000000
__CFG_WDT$OFF            (abs)        000000
__CFG_WDTPS$1            (abs)        000000
__CFG_WRT0$OFF           (abs)        000000
__CFG_WRT1$OFF           (abs)        000000
__CFG_WRT2$OFF           (abs)        000000
__CFG_WRT3$OFF           (abs)        000000
__CFG_WRTB$OFF           (abs)        000000
__CFG_WRTC$OFF           (abs)        000000
__CFG_WRTD$OFF           (abs)        000000
__CFG_XINST$OFF          (abs)        000000
__HRAM                   (abs)        000000
__Habs1                  abs1         000000
__Hbank0                 bank0        000000
__Hbank1                 bank1        000000
__Hbank2                 bank2        000000
__Hbank3                 bank3        000000
__Hbank4                 bank4        000000
__Hbank5                 bank5        000000
__Hbigbss                bigbss       000000
__Hbigdata               bigdata      000000
__Hbigram                bigram       000000
__Hbss                   bss          000000
__HbssCOMRAM             bssCOMRAM    000000
__Hcinit                 cinit        000000
__Hclrtext               clrtext      000000
__Hcomram                comram       000000
__Hconfig                config       30000E
__Hconst                 const        000000
__HcstackCOMRAM          cstackCOMRAM 000000
__Hdata                  data         000000
__HdataCOMRAM            dataCOMRAM   000000
__Heeprom_data           eeprom_data  000000
__Hfarbss                farbss       000000
__Hfardata               fardata      000000
__Hibigdata              ibigdata     000000
__Hidata                 idata        000000
__HidataCOMRAM           idataCOMRAM  000000
__Hidloc                 idloc        200008
__Hifardata              ifardata     000000
__Hinit                  init         000012
__Hintcode               intcode      00000E
__Hintcode_body          intcode_body 000000
__Hintcodelo             intcodelo    00000E
__Hintentry              intentry     000000
__Hintret                intret       000000
__Hintsave_regs          intsave_regs 000000
__Hirdata                irdata       000000
__Hmediumconst           mediumconst  000000
__HnvFARRAM              nvFARRAM     000000
__Hnvbit                 nvbit        000000
__Hnvrram                nvrram       000000
__Hparam                 rparam       000000
__Hpowerup               powerup      00000E
__Hram                   ram          000000
__Hramtop                ramtop       000600
__Hrbit                  rbit         000000
__Hrbss                  rbss         000000
__Hrdata                 rdata        000000
__Hreset_vec             reset_vec    000004
__Hrparam                rparam       000000
__Hsfr                   sfr          000000
__Hsmallconst            smallconst   000000
__Hspace_0               (abs)        30000E
__Hspace_1               (abs)        000059
__Hspace_2               (abs)        000000
__Hstack                 stack        000000
__Hstruct                struct       000000
__Htemp                  temp         000059
__Htext                  text         000000
__Htext0                 text0        000000
__Htext1                 text1        000000
__Htext10                text10       000000
__Htext11                text11       000000
__Htext12                text12       000000
__Htext2                 text2        000000
__Htext3                 text3        000000
__Htext4                 text4        000000
__Htext5                 text5        000000
__Htext6                 text6        000000
__Htext7                 text7        000000
__Htext8                 text8        000000
__Htext9                 text9        000000
__LRAM                   (abs)        000001
__Labs1                  abs1         000000
__Lbank0                 bank0        000000
__Lbank1                 bank1        000000
__Lbank2                 bank2        000000
__Lbank3                 bank3        000000
__Lbank4                 bank4        000000
__Lbank5                 bank5        000000
__Lbigbss                bigbss       000000
__Lbigdata               bigdata      000000
__Lbigram                bigram       000000
__Lbss                   bss          000000
__LbssCOMRAM             bssCOMRAM    000000
__Lcinit                 cinit        000000
__Lclrtext               clrtext      000000
__Lcomram                comram       000000
__Lconfig                config       300000
__Lconst                 const        000000
__LcstackCOMRAM          cstackCOMRAM 000000
__Ldata                  data         000000
__LdataCOMRAM            dataCOMRAM   000000
__Leeprom_data           eeprom_data  000000
__Lfarbss                farbss       000000
__Lfardata               fardata      000000
__Libigdata              ibigdata     000000
__Lidata                 idata        000000
__LidataCOMRAM           idataCOMRAM  000000
__Lidloc                 idloc        200000
__Lifardata              ifardata     000000
__Linit                  init         00000E
__Lintcode               intcode      000008
__Lintcode_body          intcode_body 000000
__Lintcodelo             intcodelo    00000E
__Lintentry              intentry     000000
__Lintret                intret       000000
__Lintsave_regs          intsave_regs 000000
__Lirdata                irdata       000000
__Lmediumconst           mediumconst  000000
__LnvFARRAM              nvFARRAM     000000
__Lnvbit                 nvbit        000000
__Lnvrram                nvrram       000000
__Lparam                 rparam       000000
__Lpowerup               powerup      00000E
__Lram                   ram          000000
__Lramtop                ramtop       000600
__Lrbit                  rbit         000000
__Lrbss                  rbss         000000
__Lrdata                 rdata        000000
__Lreset_vec             reset_vec    000000
__Lrparam                rparam       000000
__Lsfr                   sfr          000000
__Lsmallconst            smallconst   000000
__Lspace_0               (abs)        000000
__Lspace_1               (abs)        000000
__Lspace_2               (abs)        000000
__Lstack                 stack        000000
__Lstruct                struct       000000
__Ltemp                  temp         000058
__Ltext                  text         000000
__Ltext0                 text0        000000
__Ltext1                 text1        000000
__Ltext10                text10       000000
__Ltext11                text11       000000
__Ltext12                text12       000000
__Ltext2                 text2        000000
__Ltext3                 text3        000000
__Ltext4                 text4        000000
__Ltext5                 text5        000000
__Ltext6                 text6        000000
__Ltext7                 text7        000000
__Ltext8                 text8        000000
__Ltext9                 text9        000000
__S0                     (abs)        30000E
__S1                     (abs)        000059
__S2                     (abs)        000000
___flge                  text6        00087A
___flge@ff1              cstackCOMRAM 000001
___flge@ff2              cstackCOMRAM 000005
___flmul                 text5        000012
___flmul@a               cstackCOMRAM 000013
___flmul@aexp            cstackCOMRAM 000020
___flmul@b               cstackCOMRAM 00000F
___flmul@bexp            cstackCOMRAM 000021
___flmul@grs             cstackCOMRAM 00001C
___flmul@prod            cstackCOMRAM 000022
___flmul@sign            cstackCOMRAM 00001B
___flmul@temp            cstackCOMRAM 000026
___inthi_sp              stack        000000
___intlo_sp              stack        000000
___param_bank            (abs)        000000
___rparam_used           (abs)        000001
___sp                    stack        000000
___xxtofl                text4        00069E
___xxtofl@arg            cstackCOMRAM 00000B
___xxtofl@exp            cstackCOMRAM 00000A
___xxtofl@sign           cstackCOMRAM 000009
___xxtofl@val            cstackCOMRAM 000001
__accesstop              (abs)        000080
__activetblptr           (abs)        000000
__end_of_ADC_Initialize  text12       000D4A
__end_of_ADC_Read        text11       000C9A
__end_of_Draw            text8        000AE4
__end_of_MAX7219_1Unit   text9        000D74
__end_of_Stop            text7        000D80
__end_of_TurnOff         text3        000C08
__end_of_WriteSPI        text10       000CDE
__end_of___flge          text6        0009E2
__end_of___flmul         text5        000480
__end_of___xxtofl        text4        00087A
__end_of__initialization cinit        000D0A
__end_of_init_MAX7219    text2        000C54
__end_of_init_interrupt  text1        000D60
__end_of_main            text0        00069E
__end_of_tc_int          intcode_body 000BAC
__initialization         cinit        000CDE
__mediumconst            mediumconst  000000
__pbssCOMRAM             bssCOMRAM    000049
__pcinit                 cinit        000CDE
__pcstackCOMRAM          cstackCOMRAM 000001
__pdataCOMRAM            dataCOMRAM   00002C
__pidataCOMRAM           idataCOMRAM  000D14
__pintcode               intcode      000008
__pintcode_body          intcode_body 000AE4
__ptext0                 text0        000480
__ptext1                 text1        000D4A
__ptext10                text10       000C9A
__ptext11                text11       000C54
__ptext12                text12       000D32
__ptext2                 text2        000C08
__ptext3                 text3        000BAC
__ptext4                 text4        00069E
__ptext5                 text5        000012
__ptext6                 text6        00087A
__ptext7                 text7        000D74
__ptext8                 text8        0009E2
__ptext9                 text9        000D60
__ramtop                 ramtop       000600
__size_of_ADC_Initialize (abs)        000000
__size_of_ADC_Read       (abs)        000000
__size_of_Draw           (abs)        000000
__size_of_MAX7219_1Unit  (abs)        000000
__size_of_Stop           (abs)        000000
__size_of_TurnOff        (abs)        000000
__size_of_WriteSPI       (abs)        000000
__size_of___flge         (abs)        000000
__size_of___flmul        (abs)        000000
__size_of___xxtofl       (abs)        000000
__size_of_init_MAX7219   (abs)        000000
__size_of_init_interrupt (abs)        000000
__size_of_main           (abs)        000000
__size_of_tc_int         (abs)        000000
__smallconst             smallconst   000000
_brake                   dataCOMRAM   000039
_count                   bssCOMRAM    000051
_draw_flag               bssCOMRAM    00004B
_in                      bssCOMRAM    00004F
_init_MAX7219            text2        000C08
_init_interrupt          text1        000D4A
_main                    text0        000480
_max7219_REG_decodeMode  dataCOMRAM   000030
_max7219_REG_digit0      dataCOMRAM   000038
_max7219_REG_digit1      dataCOMRAM   000037
_max7219_REG_digit2      dataCOMRAM   000036
_max7219_REG_digit3      dataCOMRAM   000035
_max7219_REG_digit4      dataCOMRAM   000034
_max7219_REG_digit5      dataCOMRAM   000033
_max7219_REG_digit6      dataCOMRAM   000032
_max7219_REG_digit7      dataCOMRAM   000031
_max7219_REG_displayTest dataCOMRAM   00002C
_max7219_REG_intensity   dataCOMRAM   00002F
_max7219_REG_noop        bssCOMRAM    000053
_max7219_REG_scanLimit   dataCOMRAM   00002E
_max7219_REG_shutdown    dataCOMRAM   00002D
_off_flag                bssCOMRAM    000049
_shine                   bssCOMRAM    00004D
_tc_int                  intcode      000008
_voltage                 bssCOMRAM    000054
btemp                    temp         000058
end_of_initialization    cinit        000D0A
int$flags                temp         000058
int_func                 intcode_body 000AE4
intlevel0                text         000000
intlevel1                text         000000
intlevel2                text         000000
intlevel3                text         000000
main@digital             cstackCOMRAM 000028
main@mode                cstackCOMRAM 00002A
stackhi                  (abs)        0005FF
stacklo                  (abs)        000080
start                    init         00000E
start_initialization     cinit        000CDE
ttemp5                   temp         000059
ttemp6                   temp         00005C
ttemp7                   temp         000060
wtemp8                   temp         000059


FUNCTION INFORMATION:

 *************** function _main *****************
 Defined at:
		line 17 in file "newmain.c"
 Parameters:    Size  Location     Type
		None
 Auto vars:     Size  Location     Type
  digital         2   39[COMRAM] int 
  mode            2   41[COMRAM] int 
 Return value:  Size  Location     Type
                  1    wreg      void 
 Registers used:
		wreg, fsr2l, fsr2h, status,2, status,0, prodl, prodh, cstack
 Tracked objects:
		On entry : 
		On exit  : 
		Unchanged: 
 Data sizes:     COMRAM   BANK0   BANK1   BANK2   BANK3   BANK4   BANK5
      Params:         0       0       0       0       0       0       0
      Locals:         4       0       0       0       0       0       0
      Temps:          0       0       0       0       0       0       0
      Totals:         4       0       0       0       0       0       0
Total ram usage:        4 bytes
 Hardware stack levels required when called:    5
 This function calls:
		_ADC_Initialize
		_ADC_Read
		_Draw
		_MAX7219_1Unit
		_Stop
		_TurnOff
		___flge
		___flmul
		___xxtofl
		_init_MAX7219
		_init_interrupt
 This function is called by:
		Startup code after reset
 This function uses a non-reentrant model


 *************** function _init_interrupt *****************
 Defined at:
		line 9 in file "timer.c"
 Parameters:    Size  Location     Type
		None
 Auto vars:     Size  Location     Type
		None
 Return value:  Size  Location     Type
                  1    wreg      void 
 Registers used:
		wreg, status,2
 Tracked objects:
		On entry : 
		On exit  : 
		Unchanged: 
 Data sizes:     COMRAM   BANK0   BANK1   BANK2   BANK3   BANK4   BANK5
      Params:         0       0       0       0       0       0       0
      Locals:         0       0       0       0       0       0       0
      Temps:          0       0       0       0       0       0       0
      Totals:         0       0       0       0       0       0       0
Total ram usage:        0 bytes
 Hardware stack levels used:    1
 Hardware stack levels required when called:    1
 This function calls:
		Nothing
 This function is called by:
		_main
 This function uses a non-reentrant model


 *************** function _init_MAX7219 *****************
 Defined at:
		line 19 in file "max7219.c"
 Parameters:    Size  Location     Type
		None
 Auto vars:     Size  Location     Type
		None
 Return value:  Size  Location     Type
                  1    wreg      void 
 Registers used:
		wreg, status,2, status,0, cstack
 Tracked objects:
		On entry : 
		On exit  : 
		Unchanged: 
 Data sizes:     COMRAM   BANK0   BANK1   BANK2   BANK3   BANK4   BANK5
      Params:         0       0       0       0       0       0       0
      Locals:         0       0       0       0       0       0       0
      Temps:          0       0       0       0       0       0       0
      Totals:         0       0       0       0       0       0       0
Total ram usage:        0 bytes
 Hardware stack levels used:    1
 Hardware stack levels required when called:    4
 This function calls:
		_MAX7219_1Unit
		_TurnOff
 This function is called by:
		_main
 This function uses a non-reentrant model


 *************** function _TurnOff *****************
 Defined at:
		line 17 in file "DrawLight.c"
 Parameters:    Size  Location     Type
		None
 Auto vars:     Size  Location     Type
  i               2    4[COMRAM] int 
 Return value:  Size  Location     Type
                  1    wreg      void 
 Registers used:
		wreg, status,2, status,0, cstack
 Tracked objects:
		On entry : 
		On exit  : 
		Unchanged: 
 Data sizes:     COMRAM   BANK0   BANK1   BANK2   BANK3   BANK4   BANK5
      Params:         0       0       0       0       0       0       0
      Locals:         2       0       0       0       0       0       0
      Temps:          0       0       0       0       0       0       0
      Totals:         2       0       0       0       0       0       0
Total ram usage:        2 bytes
 Hardware stack levels used:    1
 Hardware stack levels required when called:    3
 This function calls:
		_MAX7219_1Unit
 This function is called by:
		_main
		_init_MAX7219
 This function uses a non-reentrant model


 *************** function ___xxtofl *****************
 Defined at:
		line 10 in file "C:\Program Files (x86)\Microchip\xc8\v2.00\pic\sources\c99\common\xxtofl.c"
 Parameters:    Size  Location     Type
  sign            1    wreg     unsigned char 
  val             4    0[COMRAM] long 
 Auto vars:     Size  Location     Type
  sign            1    8[COMRAM] unsigned char 
  arg             4   10[COMRAM] unsigned long 
  exp             1    9[COMRAM] unsigned char 
 Return value:  Size  Location     Type
                  4    0[COMRAM] unsigned char 
 Registers used:
		wreg, status,2, status,0
 Tracked objects:
		On entry : 
		On exit  : 
		Unchanged: 
 Data sizes:     COMRAM   BANK0   BANK1   BANK2   BANK3   BANK4   BANK5
      Params:         4       0       0       0       0       0       0
      Locals:         6       0       0       0       0       0       0
      Temps:          4       0       0       0       0       0       0
      Totals:        14       0       0       0       0       0       0
Total ram usage:       14 bytes
 Hardware stack levels used:    1
 Hardware stack levels required when called:    1
 This function calls:
		Nothing
 This function is called by:
		_main
 This function uses a non-reentrant model


 *************** function ___flmul *****************
 Defined at:
		line 8 in file "C:\Program Files (x86)\Microchip\xc8\v2.00\pic\sources\c99\common\sprcmul.c"
 Parameters:    Size  Location     Type
  b               4   14[COMRAM] unsigned char 
  a               4   18[COMRAM] unsigned char 
 Auto vars:     Size  Location     Type
  prod            4   33[COMRAM] struct .
  grs             4   27[COMRAM] unsigned long 
  temp            2   37[COMRAM] struct .
  bexp            1   32[COMRAM] unsigned char 
  aexp            1   31[COMRAM] unsigned char 
  sign            1   26[COMRAM] unsigned char 
 Return value:  Size  Location     Type
                  4   14[COMRAM] unsigned char 
 Registers used:
		wreg, status,2, status,0, prodl, prodh
 Tracked objects:
		On entry : 
		On exit  : 
		Unchanged: 
 Data sizes:     COMRAM   BANK0   BANK1   BANK2   BANK3   BANK4   BANK5
      Params:         8       0       0       0       0       0       0
      Locals:        13       0       0       0       0       0       0
      Temps:          4       0       0       0       0       0       0
      Totals:        25       0       0       0       0       0       0
Total ram usage:       25 bytes
 Hardware stack levels used:    1
 Hardware stack levels required when called:    1
 This function calls:
		Nothing
 This function is called by:
		_main
 This function uses a non-reentrant model


 *************** function ___flge *****************
 Defined at:
		line 4 in file "C:\Program Files (x86)\Microchip\xc8\v2.00\pic\sources\c99\common\flge.c"
 Parameters:    Size  Location     Type
  ff1             4    0[COMRAM] unsigned char 
  ff2             4    4[COMRAM] unsigned char 
 Auto vars:     Size  Location     Type
		None
 Return value:  Size  Location     Type
		None               void
 Registers used:
		wreg, status,2, status,0
 Tracked objects:
		On entry : 
		On exit  : 
		Unchanged: 
 Data sizes:     COMRAM   BANK0   BANK1   BANK2   BANK3   BANK4   BANK5
      Params:         8       0       0       0       0       0       0
      Locals:         0       0       0       0       0       0       0
      Temps:          4       0       0       0       0       0       0
      Totals:        12       0       0       0       0       0       0
Total ram usage:       12 bytes
 Hardware stack levels used:    1
 Hardware stack levels required when called:    1
 This function calls:
		Nothing
 This function is called by:
		_main
 This function uses a non-reentrant model


 *************** function _Stop *****************
 Defined at:
		line 13 in file "DrawLight.c"
 Parameters:    Size  Location     Type
  mode            2    4[COMRAM] int 
 Auto vars:     Size  Location     Type
		None
 Return value:  Size  Location     Type
                  1    wreg      void 
 Registers used:
		wreg, status,2, cstack
 Tracked objects:
		On entry : 
		On exit  : 
		Unchanged: 
 Data sizes:     COMRAM   BANK0   BANK1   BANK2   BANK3   BANK4   BANK5
      Params:         2       0       0       0       0       0       0
      Locals:         0       0       0       0       0       0       0
      Temps:          0       0       0       0       0       0       0
      Totals:         2       0       0       0       0       0       0
Total ram usage:        2 bytes
 Hardware stack levels used:    1
 Hardware stack levels required when called:    3
 This function calls:
		_MAX7219_1Unit
 This function is called by:
		_main
 This function uses a non-reentrant model


 *************** function _Draw *****************
 Defined at:
		line 23 in file "DrawLight.c"
 Parameters:    Size  Location     Type
  A               2    4[COMRAM] PTR unsigned short 
		 -> brake(16), 
  i               2    6[COMRAM] int 
 Auto vars:     Size  Location     Type
		None
 Return value:  Size  Location     Type
                  1    wreg      void 
 Registers used:
		wreg, fsr2l, fsr2h, status,2, status,0, cstack
 Tracked objects:
		On entry : 
		On exit  : 
		Unchanged: 
 Data sizes:     COMRAM   BANK0   BANK1   BANK2   BANK3   BANK4   BANK5
      Params:         4       0       0       0       0       0       0
      Locals:         0       0       0       0       0       0       0
      Temps:          0       0       0       0       0       0       0
      Totals:         4       0       0       0       0       0       0
Total ram usage:        4 bytes
 Hardware stack levels used:    1
 Hardware stack levels required when called:    3
 This function calls:
		_MAX7219_1Unit
 This function is called by:
		_main
 This function uses a non-reentrant model


 *************** function _MAX7219_1Unit *****************
 Defined at:
		line 12 in file "max7219.c"
 Parameters:    Size  Location     Type
  reg_addr        1    wreg     unsigned char 
  reg_data        1    2[COMRAM] unsigned char 
 Auto vars:     Size  Location     Type
  reg_addr        1    3[COMRAM] unsigned char 
 Return value:  Size  Location     Type
                  1    wreg      void 
 Registers used:
		wreg, status,2, cstack
 Tracked objects:
		On entry : 
		On exit  : 
		Unchanged: 
 Data sizes:     COMRAM   BANK0   BANK1   BANK2   BANK3   BANK4   BANK5
      Params:         1       0       0       0       0       0       0
      Locals:         1       0       0       0       0       0       0
      Temps:          0       0       0       0       0       0       0
      Totals:         2       0       0       0       0       0       0
Total ram usage:        2 bytes
 Hardware stack levels used:    1
 Hardware stack levels required when called:    2
 This function calls:
		_WriteSPI
 This function is called by:
		_main
		_Stop
		_TurnOff
		_Draw
		_init_MAX7219
 This function uses a non-reentrant model


 *************** function _WriteSPI *****************
 Defined at:
		line 9 in file "SPI.c"
 Parameters:    Size  Location     Type
  data_out        1    wreg     unsigned char 
 Auto vars:     Size  Location     Type
  data_out        1    1[COMRAM] unsigned char 
  TempVar         1    0[COMRAM] unsigned char 
 Return value:  Size  Location     Type
                  1    wreg      char 
 Registers used:
		wreg
 Tracked objects:
		On entry : 
		On exit  : 
		Unchanged: 
 Data sizes:     COMRAM   BANK0   BANK1   BANK2   BANK3   BANK4   BANK5
      Params:         0       0       0       0       0       0       0
      Locals:         2       0       0       0       0       0       0
      Temps:          0       0       0       0       0       0       0
      Totals:         2       0       0       0       0       0       0
Total ram usage:        2 bytes
 Hardware stack levels used:    1
 Hardware stack levels required when called:    1
 This function calls:
		Nothing
 This function is called by:
		_MAX7219_1Unit
 This function uses a non-reentrant model


 *************** function _ADC_Read *****************
 Defined at:
		line 19 in file "adc.c"
 Parameters:    Size  Location     Type
		None
 Auto vars:     Size  Location     Type
  digital         2    4[COMRAM] int 
 Return value:  Size  Location     Type
                  2    0[COMRAM] int 
 Registers used:
		wreg, status,2, status,0
 Tracked objects:
		On entry : 
		On exit  : 
		Unchanged: 
 Data sizes:     COMRAM   BANK0   BANK1   BANK2   BANK3   BANK4   BANK5
      Params:         2       0       0       0       0       0       0
      Locals:         2       0       0       0       0       0       0
      Temps:          2       0       0       0       0       0       0
      Totals:         6       0       0       0       0       0       0
Total ram usage:        6 bytes
 Hardware stack levels used:    1
 Hardware stack levels required when called:    1
 This function calls:
		Nothing
 This function is called by:
		_main
 This function uses a non-reentrant model


 *************** function _ADC_Initialize *****************
 Defined at:
		line 9 in file "adc.c"
 Parameters:    Size  Location     Type
		None
 Auto vars:     Size  Location     Type
		None
 Return value:  Size  Location     Type
                  1    wreg      void 
 Registers used:
		wreg, status,2
 Tracked objects:
		On entry : 
		On exit  : 
		Unchanged: 
 Data sizes:     COMRAM   BANK0   BANK1   BANK2   BANK3   BANK4   BANK5
      Params:         0       0       0       0       0       0       0
      Locals:         0       0       0       0       0       0       0
      Temps:          0       0       0       0       0       0       0
      Totals:         0       0       0       0       0       0       0
Total ram usage:        0 bytes
 Hardware stack levels used:    1
 Hardware stack levels required when called:    1
 This function calls:
		Nothing
 This function is called by:
		_main
 This function uses a non-reentrant model


 *************** function _tc_int *****************
 Defined at:
		line 24 in file "timer.c"
 Parameters:    Size  Location     Type
		None
 Auto vars:     Size  Location     Type
		None
 Return value:  Size  Location     Type
                  1    wreg      void 
 Registers used:
		wreg, status,2, status,0
 Tracked objects:
		On entry : 
		On exit  : 
		Unchanged: 
 Data sizes:     COMRAM   BANK0   BANK1   BANK2   BANK3   BANK4   BANK5
      Params:         0       0       0       0       0       0       0
      Locals:         0       0       0       0       0       0       0
      Temps:          0       0       0       0       0       0       0
      Totals:         0       0       0       0       0       0       0
Total ram usage:        0 bytes
 Hardware stack levels used:    1
 This function calls:
		Nothing
 This function is called by:
		Interrupt level 2
 This function uses a non-reentrant model



MODULE INFORMATION

Module		Function		Class		Link	Load	Size
C:\Program Files (x86)\Microchip\xc8\v2.00\pic\sources\c99\common\sprcmul.c
		___flmul       		CODE           	0012	0000	1135

C:\Program Files (x86)\Microchip\xc8\v2.00\pic\sources\c99\common\sprcmul.c estimated size: 1135

C:\Program Files (x86)\Microchip\xc8\v2.00\pic\sources\c99\common\xxtofl.c
		___xxtofl      		CODE           	069E	0000	477

C:\Program Files (x86)\Microchip\xc8\v2.00\pic\sources\c99\common\xxtofl.c estimated size: 477

timer.c
		_tc_int        		CODE           	0008	0000	207
		_init_interrupt		CODE           	0D4A	0000	23

timer.c estimated size: 230

C:\Program Files (x86)\Microchip\xc8\v2.00\pic\sources\c99\common\flge.c
		___flge        		CODE           	087A	0000	361

C:\Program Files (x86)\Microchip\xc8\v2.00\pic\sources\c99\common\flge.c estimated size: 361

newmain.c
		_main          		CODE           	0480	0000	543

newmain.c estimated size: 543

DrawLight.c
		_Draw          		CODE           	09E2	0000	259
		_TurnOff       		CODE           	0BAC	0000	93
		_Stop          		CODE           	0D74	0000	13

DrawLight.c estimated size: 365

adc.c
		_ADC_Initialize		CODE           	0D32	0000	25
		_ADC_Read      		CODE           	0C54	0000	71

adc.c estimated size: 96

shared
		__initialization		CODE           	0CDE	0000	45

shared estimated size: 45

max7219.c
		_MAX7219_1Unit 		CODE           	0D60	0000	21
		_init_MAX7219  		CODE           	0C08	0000	77

max7219.c estimated size: 98

SPI.c
		_WriteSPI      		CODE           	0C9A	0000	69

SPI.c estimated size: 69

