Microchip MPLAB XC8 Compiler V2.00 ()

Linker command line:

-W-3 --edf=C:\Program Files (x86)\Microchip\xc8\v2.00\pic\dat\en_msgs.txt \
  -cs -h+dist/default/debug\SPI_LIB.X.debug.sym \
  --cmf=dist/default/debug\SPI_LIB.X.debug.cmf -z -Q18F4520 \
  -oC:\Users\APLUS_~1\AppData\Local\Temp\s6lc.2 --defsym=__MPLAB_BUILD=1 \
  -Mdist/default/debug/SPI_LIB.X.debug.map -E1 -ver=XC8 --acfsm=1493 \
  -ASTACK=080h-05f3h -pstack=STACK -ACODE=00h-07DBFh -ACONST=00h-07DBFh \
  -ASMALLCONST=0600h-06FFhx119,07D00h-07DBFh -AMEDIUMCONST=0600h-07DBFh \
  -ACOMRAM=01h-07Fh -AABS1=00h-05F3h -ABIGRAM=01h-05F3h \
  -ARAM=080h-0FFh,0100h-01FFhx4,0500h-05F3h -ABANK0=080h-0FFh \
  -ABANK1=0100h-01FFh -ABANK2=0200h-02FFh -ABANK3=0300h-03FFh \
  -ABANK4=0400h-04FFh -ABANK5=0500h-05F3h \
  -ASFR=0F80h-0F9Bh,0F9Dh-0FD3h,0FD5h-0FDAh,0FE0h-0FE2h,0FE8h-0FEAh,0FF0h-0FFCh \
  -preset_vec=00h,intcode=08h,intcodelo,powerup,init -pramtop=0600h \
  -psmallconst=SMALLCONST -pmediumconst=MEDIUMCONST -pconst=CONST \
  -AFARRAM=00h-00h -ACONFIG=0300000h-030000Dh -pconfig=CONFIG \
  -AIDLOC=0200000h-0200007h -pidloc=IDLOC -AEEDATA=0F00000h-0F000FFh \
  -peeprom_data=EEDATA \
  -prdata=COMRAM,nvrram=COMRAM,nvbit=COMRAM,rbss=COMRAM,rbit=COMRAM \
  -pfarbss=FARRAM,fardata=FARRAM,nvFARRAM=FARRAM \
  -pintsave_regs=BIGRAM,bigbss=BIGRAM,bigdata=BIGRAM -pbss=RAM \
  -pidata=CODE,irdata=CODE,ibigdata=CODE,ifardata=CODE -prparam=COMRAM \
  C:\Users\APLUS_~1\AppData\Local\Temp\s6lc.o \
  dist/default/debug\SPI_LIB.X.debug.o 

Object code version is 3.11

Machine type is 18F4520

Call graph: (short form)




                Name                               Link     Load   Length Selector   Space Scale
C:\Users\APLUS_~1\AppData\Local\Temp\s6lc.o
                init                                  E        E        4        4       0
                reset_vec                             0        0        4        0       0
                idloc                            200000   200000        8   200000       0
                config                           300000   300000        E   300000       0
dist/default/debug\SPI_LIB.X.debug.o
                intcode                               8        8        6        4       0
                temp                                 5E       5E        1        1       1
                text16                              D5A      D5A       44        4       0
                text15                              E34      E34       14      6F9       0
                text14                              9FA      9FA      102        4       0
                text13                              C28      C28       5C        4       0
                intcode_body                        AFC      AFC       D0        4       0
                text11                              DF2      DF2       18      6F9       0
                text10                              CD0      CD0       46        4       0
                text9                               D16      D16       44        4       0
                text8                               E20      E20       14      6F9       0
                text7                               E48      E48        C      6F9       0
                text6                               892      892      168        4       0
                text5                                12       12      46E        4       0
                text4                               6B6      6B6      1DC        4       0
                text3                               BCC      BCC       5C        4       0
                text2                               C84      C84       4C        4       0
                text1                               E0A      E0A       16      6F9       0
                text0                               480      480      236        4       0
                cstackCOMRAM                          1        1       35        1       1
                dataCOMRAM                           36       36       1D        1       1
                bssCOMRAM                            53       53        B        1       1
                cinit                               D9E      D9E       36        4       0
                idataCOMRAM                         DD4      DD4       1D        4       0

TOTAL           Name                               Link     Load   Length     Space
        CLASS   STACK          

        CLASS   CODE           
                intcode                               8        8        6         0
                init                                  E        E        4         0
                reset_vec                             0        0        4         0
                text16                              D5A      D5A       44         0
                text15                              E34      E34       14         0
                text14                              9FA      9FA      102         0
                text13                              C28      C28       5C         0
                intcode_body                        AFC      AFC       D0         0
                text11                              DF2      DF2       18         0
                text10                              CD0      CD0       46         0
                text9                               D16      D16       44         0
                text8                               E20      E20       14         0
                text7                               E48      E48        C         0
                text6                               892      892      168         0
                text5                                12       12      46E         0
                text4                               6B6      6B6      1DC         0
                text3                               BCC      BCC       5C         0
                text2                               C84      C84       4C         0
                text1                               E0A      E0A       16         0
                text0                               480      480      236         0
                cinit                               D9E      D9E       36         0
                idataCOMRAM                         DD4      DD4       1D         0

        CLASS   CONST          

        CLASS   SMALLCONST     

        CLASS   MEDIUMCONST    

        CLASS   COMRAM         
                temp                                 5E       5E        1         1
                cstackCOMRAM                          1        1       35         1
                dataCOMRAM                           36       36       1D         1
                bssCOMRAM                            53       53        B         1

        CLASS   ABS1           

        CLASS   BIGRAM         

        CLASS   RAM            

        CLASS   BANK0          

        CLASS   BANK1          

        CLASS   BANK2          

        CLASS   BANK3          

        CLASS   BANK4          

        CLASS   BANK5          

        CLASS   SFR            

        CLASS   FARRAM         

        CLASS   CONFIG         
                config                           300000   300000        E         0

        CLASS   IDLOC          
                idloc                            200000   200000        8         0

        CLASS   EEDATA         



SEGMENTS        Name                           Load    Length   Top    Selector   Space  Class

                reset_vec                      000000  000004  000004         0       0  CODE    
                cstackCOMRAM                   000001  00005E  00005F         1       1  COMRAM  
                intcode                        000008  000DE9  000DF1         4       0  CODE    
                text11                         000DF2  000062  000E54       6F9       0  CODE    
                idloc                          200000  000008  200008    200000       0  IDLOC   
                config                         300000  00000E  30000E    300000       0  CONFIG  


UNUSED ADDRESS RANGES

        Name                Unused          Largest block    Delta
        BANK0            000080-0000FF               80
        BANK1            000100-0001FF              100
        BANK2            000200-0002FF              100
        BANK3            000300-0003FF              100
        BANK4            000400-0004FF              100
        BANK5            000500-0005F3               F4
        BIGRAM           00005F-0005F3              595
        CODE             000004-000007                4
                         000DF1-000DF1                1
                         000E54-007DBF             6F6C
        COMRAM           00005F-00007F               21
        CONST            000004-000007                4
                         000DF1-000DF1                1
                         000E54-007DBF             6F6C
        EEDATA           F00000-F000FF              100
        MEDIUMCONST      000DF1-000DF1                1
                         000E54-007DBF             6F6C
        RAM              000080-0005F3              100
        SFR              000F80-000F9B               1C
                         000F9D-000FD3               37
                         000FD5-000FDA                6
                         000FE0-000FE2                3
                         000FE8-000FEA                3
                         000FF0-000FFC                D
        SMALLCONST       000DF1-000DF1                1
                         000E54-007DBF              100
        STACK            000080-0005F3              574

                                  Symbol Table

?_ADC_Read                cstackCOMRAM 00000B
?___flmul                 cstackCOMRAM 000019
?___xxtofl                cstackCOMRAM 00000B
ADC_Read@digital          cstackCOMRAM 00000F
Draw@A                    cstackCOMRAM 000005
Draw@i                    cstackCOMRAM 000007
MAX7219_1Unit@reg_addr    cstackCOMRAM 00000E
MAX7219_1Unit@reg_data    cstackCOMRAM 00000D
Stop@mode                 cstackCOMRAM 00000F
TurnOff@i                 cstackCOMRAM 00000F
WriteSPI@TempVar          cstackCOMRAM 00000B
WriteSPI@data_out         cstackCOMRAM 00000C
_ADCON0bits               (abs)        000FC2
_ADCON1                   (abs)        000FC1
_ADCON2bits               (abs)        000FC0
_ADC_Initialize           text11       000DF2
_ADC_Read                 text10       000CD0
_ADFM                     (abs)        007E07
_ADRESH                   (abs)        000FC4
_ADRESL                   (abs)        000FC3
_Draw                     text14       0009FA
_INTCONbits               (abs)        000FF2
_IPR1bits                 (abs)        000F9F
_LATAbits                 (abs)        000F89
_LATCbits                 (abs)        000F8B
_LATDbits                 (abs)        000F8C
_MAX7219_1Unit            text8        000E20
_PIE1bits                 (abs)        000F9D
_PIR1bits                 (abs)        000F9E
_PR2                      (abs)        000FCB
_RCONbits                 (abs)        000FD0
_SSPBUF                   (abs)        000FC9
_SSPCON1                  (abs)        000FC6
_SSPCON1bits              (abs)        000FC6
_SSPSTAT                  (abs)        000FC7
_Stop                     text7        000E48
_T2CON                    (abs)        000FCA
_TMR2IE                   (abs)        007CE9
_TMR2IF                   (abs)        007CF1
_TRISAbits                (abs)        000F92
_TRISCbits                (abs)        000F94
_TRISDbits                (abs)        000F95
_TurnOff                  text3        000BCC
_WriteSPI                 text9        000D16
__CFG_BOREN$SBORDIS       (abs)        000000
__CFG_BORV$3              (abs)        000000
__CFG_CCP2MX$PORTC        (abs)        000000
__CFG_CP0$OFF             (abs)        000000
__CFG_CP1$OFF             (abs)        000000
__CFG_CP2$OFF             (abs)        000000
__CFG_CP3$OFF             (abs)        000000
__CFG_CPB$OFF             (abs)        000000
__CFG_CPD$OFF             (abs)        000000
__CFG_EBTR0$OFF           (abs)        000000
__CFG_EBTR1$OFF           (abs)        000000
__CFG_EBTR2$OFF           (abs)        000000
__CFG_EBTR3$OFF           (abs)        000000
__CFG_EBTRB$OFF           (abs)        000000
__CFG_FCMEN$OFF           (abs)        000000
__CFG_IESO$ON             (abs)        000000
__CFG_LPT1OSC$OFF         (abs)        000000
__CFG_LVP$OFF             (abs)        000000
__CFG_MCLRE$ON            (abs)        000000
__CFG_OSC$INTIO67         (abs)        000000
__CFG_PBADEN$ON           (abs)        000000
__CFG_PWRT$OFF            (abs)        000000
__CFG_STVREN$ON           (abs)        000000
__CFG_WDT$OFF             (abs)        000000
__CFG_WDTPS$1             (abs)        000000
__CFG_WRT0$OFF            (abs)        000000
__CFG_WRT1$OFF            (abs)        000000
__CFG_WRT2$OFF            (abs)        000000
__CFG_WRT3$OFF            (abs)        000000
__CFG_WRTB$OFF            (abs)        000000
__CFG_WRTC$OFF            (abs)        000000
__CFG_WRTD$OFF            (abs)        000000
__CFG_XINST$OFF           (abs)        000000
__HRAM                    (abs)        000000
__Habs1                   abs1         000000
__Hbank0                  bank0        000000
__Hbank1                  bank1        000000
__Hbank2                  bank2        000000
__Hbank3                  bank3        000000
__Hbank4                  bank4        000000
__Hbank5                  bank5        000000
__Hbigbss                 bigbss       000000
__Hbigdata                bigdata      000000
__Hbigram                 bigram       000000
__Hbss                    bss          000000
__HbssCOMRAM              bssCOMRAM    000000
__Hcinit                  cinit        000000
__Hclrtext                clrtext      000000
__Hcomram                 comram       000000
__Hconfig                 config       30000E
__Hconst                  const        000000
__HcstackCOMRAM           cstackCOMRAM 000000
__Hdata                   data         000000
__HdataCOMRAM             dataCOMRAM   000000
__Heeprom_data            eeprom_data  000000
__Hfarbss                 farbss       000000
__Hfardata                fardata      000000
__Hibigdata               ibigdata     000000
__Hidata                  idata        000000
__HidataCOMRAM            idataCOMRAM  000000
__Hidloc                  idloc        200008
__Hifardata               ifardata     000000
__Hinit                   init         000012
__Hintcode                intcode      00000E
__Hintcode_body           intcode_body 000000
__Hintcodelo              intcodelo    00000E
__Hintentry               intentry     000000
__Hintret                 intret       000000
__Hintsave_regs           intsave_regs 000000
__Hirdata                 irdata       000000
__Hmediumconst            mediumconst  000000
__HnvFARRAM               nvFARRAM     000000
__Hnvbit                  nvbit        000000
__Hnvrram                 nvrram       000000
__Hparam                  rparam       000000
__Hpowerup                powerup      00000E
__Hram                    ram          000000
__Hramtop                 ramtop       000600
__Hrbit                   rbit         000000
__Hrbss                   rbss         000000
__Hrdata                  rdata        000000
__Hreset_vec              reset_vec    000004
__Hrparam                 rparam       000000
__Hsfr                    sfr          000000
__Hsmallconst             smallconst   000000
__Hspace_0                (abs)        30000E
__Hspace_1                (abs)        00005F
__Hspace_2                (abs)        000000
__Hstack                  stack        000000
__Hstruct                 struct       000000
__Htemp                   temp         00005F
__Htext                   text         000000
__Htext0                  text0        000000
__Htext1                  text1        000000
__Htext10                 text10       000000
__Htext11                 text11       000000
__Htext13                 text13       000000
__Htext14                 text14       000000
__Htext15                 text15       000000
__Htext16                 text16       000000
__Htext2                  text2        000000
__Htext3                  text3        000000
__Htext4                  text4        000000
__Htext5                  text5        000000
__Htext6                  text6        000000
__Htext7                  text7        000000
__Htext8                  text8        000000
__Htext9                  text9        000000
__LRAM                    (abs)        000001
__Labs1                   abs1         000000
__Lbank0                  bank0        000000
__Lbank1                  bank1        000000
__Lbank2                  bank2        000000
__Lbank3                  bank3        000000
__Lbank4                  bank4        000000
__Lbank5                  bank5        000000
__Lbigbss                 bigbss       000000
__Lbigdata                bigdata      000000
__Lbigram                 bigram       000000
__Lbss                    bss          000000
__LbssCOMRAM              bssCOMRAM    000000
__Lcinit                  cinit        000000
__Lclrtext                clrtext      000000
__Lcomram                 comram       000000
__Lconfig                 config       300000
__Lconst                  const        000000
__LcstackCOMRAM           cstackCOMRAM 000000
__Ldata                   data         000000
__LdataCOMRAM             dataCOMRAM   000000
__Leeprom_data            eeprom_data  000000
__Lfarbss                 farbss       000000
__Lfardata                fardata      000000
__Libigdata               ibigdata     000000
__Lidata                  idata        000000
__LidataCOMRAM            idataCOMRAM  000000
__Lidloc                  idloc        200000
__Lifardata               ifardata     000000
__Linit                   init         00000E
__Lintcode                intcode      000008
__Lintcode_body           intcode_body 000000
__Lintcodelo              intcodelo    00000E
__Lintentry               intentry     000000
__Lintret                 intret       000000
__Lintsave_regs           intsave_regs 000000
__Lirdata                 irdata       000000
__Lmediumconst            mediumconst  000000
__LnvFARRAM               nvFARRAM     000000
__Lnvbit                  nvbit        000000
__Lnvrram                 nvrram       000000
__Lparam                  rparam       000000
__Lpowerup                powerup      00000E
__Lram                    ram          000000
__Lramtop                 ramtop       000600
__Lrbit                   rbit         000000
__Lrbss                   rbss         000000
__Lrdata                  rdata        000000
__Lreset_vec              reset_vec    000000
__Lrparam                 rparam       000000
__Lsfr                    sfr          000000
__Lsmallconst             smallconst   000000
__Lspace_0                (abs)        000000
__Lspace_1                (abs)        000000
__Lspace_2                (abs)        000000
__Lstack                  stack        000000
__Lstruct                 struct       000000
__Ltemp                   temp         00005E
__Ltext                   text         000000
__Ltext0                  text0        000000
__Ltext1                  text1        000000
__Ltext10                 text10       000000
__Ltext11                 text11       000000
__Ltext13                 text13       000000
__Ltext14                 text14       000000
__Ltext15                 text15       000000
__Ltext16                 text16       000000
__Ltext2                  text2        000000
__Ltext3                  text3        000000
__Ltext4                  text4        000000
__Ltext5                  text5        000000
__Ltext6                  text6        000000
__Ltext7                  text7        000000
__Ltext8                  text8        000000
__Ltext9                  text9        000000
__S0                      (abs)        30000E
__S1                      (abs)        00005F
__S2                      (abs)        000000
___flge                   text6        000892
___flge@ff1               cstackCOMRAM 00000B
___flge@ff2               cstackCOMRAM 00000F
___flmul                  text5        000012
___flmul@a                cstackCOMRAM 00001D
___flmul@aexp             cstackCOMRAM 00002A
___flmul@b                cstackCOMRAM 000019
___flmul@bexp             cstackCOMRAM 00002B
___flmul@grs              cstackCOMRAM 000026
___flmul@prod             cstackCOMRAM 00002C
___flmul@sign             cstackCOMRAM 000025
___flmul@temp             cstackCOMRAM 000030
___inthi_sp               stack        000000
___intlo_sp               stack        000000
___param_bank             (abs)        000000
___rparam_used            (abs)        000001
___sp                     stack        000000
___xxtofl                 text4        0006B6
___xxtofl@arg             cstackCOMRAM 000015
___xxtofl@exp             cstackCOMRAM 000014
___xxtofl@sign            cstackCOMRAM 000013
___xxtofl@val             cstackCOMRAM 00000B
__accesstop               (abs)        000080
__activetblptr            (abs)        000000
__end_of_ADC_Initialize   text11       000E0A
__end_of_ADC_Read         text10       000D16
__end_of_Draw             text14       000AFC
__end_of_MAX7219_1Unit    text8        000E34
__end_of_Stop             text7        000E54
__end_of_TurnOff          text3        000C28
__end_of_WriteSPI         text9        000D5A
__end_of___flge           text6        0009FA
__end_of___flmul          text5        000480
__end_of___xxtofl         text4        000892
__end_of__initialization  cinit        000DCA
__end_of_init_MAX7219     text2        000CD0
__end_of_init_interrupt   text1        000E20
__end_of_main             text0        0006B6
__end_of_tc_int           intcode_body 000BCC
__end_ofi2_MAX7219_1Unit  text15       000E48
__end_ofi2_TurnOff        text13       000C84
__end_ofi2_WriteSPI       text16       000D9E
__initialization          cinit        000D9E
__mediumconst             mediumconst  000000
__pbssCOMRAM              bssCOMRAM    000053
__pcinit                  cinit        000D9E
__pcstackCOMRAM           cstackCOMRAM 000001
__pdataCOMRAM             dataCOMRAM   000036
__pidataCOMRAM            idataCOMRAM  000DD4
__pintcode                intcode      000008
__pintcode_body           intcode_body 000AFC
__ptext0                  text0        000480
__ptext1                  text1        000E0A
__ptext10                 text10       000CD0
__ptext11                 text11       000DF2
__ptext13                 text13       000C28
__ptext14                 text14       0009FA
__ptext15                 text15       000E34
__ptext16                 text16       000D5A
__ptext2                  text2        000C84
__ptext3                  text3        000BCC
__ptext4                  text4        0006B6
__ptext5                  text5        000012
__ptext6                  text6        000892
__ptext7                  text7        000E48
__ptext8                  text8        000E20
__ptext9                  text9        000D16
__ramtop                  ramtop       000600
__size_of_ADC_Initialize  (abs)        000000
__size_of_ADC_Read        (abs)        000000
__size_of_Draw            (abs)        000000
__size_of_MAX7219_1Unit   (abs)        000000
__size_of_Stop            (abs)        000000
__size_of_TurnOff         (abs)        000000
__size_of_WriteSPI        (abs)        000000
__size_of___flge          (abs)        000000
__size_of___flmul         (abs)        000000
__size_of___xxtofl        (abs)        000000
__size_of_init_MAX7219    (abs)        000000
__size_of_init_interrupt  (abs)        000000
__size_of_main            (abs)        000000
__size_of_tc_int          (abs)        000000
__size_ofi2_MAX7219_1Unit (abs)        000000
__size_ofi2_TurnOff       (abs)        000000
__size_ofi2_WriteSPI      (abs)        000000
__smallconst              smallconst   000000
_brake                    dataCOMRAM   000043
_count                    bssCOMRAM    000057
_in                       bssCOMRAM    000055
_init_MAX7219             text2        000C84
_init_interrupt           text1        000E0A
_main                     text0        000480
_max7219_REG_decodeMode   dataCOMRAM   00003A
_max7219_REG_digit0       dataCOMRAM   000042
_max7219_REG_digit1       dataCOMRAM   000041
_max7219_REG_digit2       dataCOMRAM   000040
_max7219_REG_digit3       dataCOMRAM   00003F
_max7219_REG_digit4       dataCOMRAM   00003E
_max7219_REG_digit5       dataCOMRAM   00003D
_max7219_REG_digit6       dataCOMRAM   00003C
_max7219_REG_digit7       dataCOMRAM   00003B
_max7219_REG_displayTest  dataCOMRAM   000036
_max7219_REG_intensity    dataCOMRAM   000039
_max7219_REG_noop         bssCOMRAM    000059
_max7219_REG_scanLimit    dataCOMRAM   000038
_max7219_REG_shutdown     dataCOMRAM   000037
_shine                    bssCOMRAM    000053
_tc_int                   intcode      000008
_voltage                  bssCOMRAM    00005A
btemp                     temp         00005E
end_of_initialization     cinit        000DCA
i2MAX7219_1Unit@reg_addr  cstackCOMRAM 000004
i2MAX7219_1Unit@reg_data  cstackCOMRAM 000003
i2TurnOff@i               cstackCOMRAM 000005
i2WriteSPI@TempVar        cstackCOMRAM 000001
i2WriteSPI@data_out       cstackCOMRAM 000002
i2_MAX7219_1Unit          text15       000E34
i2_TurnOff                text13       000C28
i2_WriteSPI               text16       000D5A
int$flags                 temp         00005E
int_func                  intcode_body 000AFC
intlevel0                 text         000000
intlevel1                 text         000000
intlevel2                 text         000000
intlevel3                 text         000000
main@digital              cstackCOMRAM 000032
main@mode                 cstackCOMRAM 000034
stackhi                   (abs)        0005F3
stacklo                   (abs)        000080
start                     init         00000E
start_initialization      cinit        000D9E
ttemp5                    temp         00005F
ttemp6                    temp         000062
ttemp7                    temp         000066
wtemp8                    temp         00005F


FUNCTION INFORMATION:

 *************** function _main *****************
 Defined at:
		line 19 in file "newmain.c"
 Parameters:    Size  Location     Type
		None
 Auto vars:     Size  Location     Type
  digital         2   49[COMRAM] int 
  mode            2   51[COMRAM] int 
 Return value:  Size  Location     Type
                  1    wreg      void 
 Registers used:
		wreg, status,2, status,0, prodl, prodh, cstack
 Tracked objects:
		On entry : 
		On exit  : 
		Unchanged: 
 Data sizes:     COMRAM   BANK0   BANK1   BANK2   BANK3   BANK4   BANK5
      Params:         0       0       0       0       0       0       0
      Locals:         4       0       0       0       0       0       0
      Temps:          0       0       0       0       0       0       0
      Totals:         4       0       0       0       0       0       0
Total ram usage:        4 bytes
 Hardware stack levels required when called:    8
 This function calls:
		_ADC_Initialize
		_ADC_Read
		_MAX7219_1Unit
		_Stop
		_TurnOff
		___flge
		___flmul
		___xxtofl
		_init_MAX7219
		_init_interrupt
 This function is called by:
		Startup code after reset
 This function uses a non-reentrant model


 *************** function _init_interrupt *****************
 Defined at:
		line 10 in file "timer.c"
 Parameters:    Size  Location     Type
		None
 Auto vars:     Size  Location     Type
		None
 Return value:  Size  Location     Type
                  1    wreg      void 
 Registers used:
		wreg, status,2
 Tracked objects:
		On entry : 
		On exit  : 
		Unchanged: 
 Data sizes:     COMRAM   BANK0   BANK1   BANK2   BANK3   BANK4   BANK5
      Params:         0       0       0       0       0       0       0
      Locals:         0       0       0       0       0       0       0
      Temps:          0       0       0       0       0       0       0
      Totals:         0       0       0       0       0       0       0
Total ram usage:        0 bytes
 Hardware stack levels used:    1
 Hardware stack levels required when called:    4
 This function calls:
		Nothing
 This function is called by:
		_main
 This function uses a non-reentrant model


 *************** function _init_MAX7219 *****************
 Defined at:
		line 19 in file "max7219.c"
 Parameters:    Size  Location     Type
		None
 Auto vars:     Size  Location     Type
		None
 Return value:  Size  Location     Type
                  1    wreg      void 
 Registers used:
		wreg, status,2, status,0, cstack
 Tracked objects:
		On entry : 
		On exit  : 
		Unchanged: 
 Data sizes:     COMRAM   BANK0   BANK1   BANK2   BANK3   BANK4   BANK5
      Params:         0       0       0       0       0       0       0
      Locals:         0       0       0       0       0       0       0
      Temps:          0       0       0       0       0       0       0
      Totals:         0       0       0       0       0       0       0
Total ram usage:        0 bytes
 Hardware stack levels used:    1
 Hardware stack levels required when called:    7
 This function calls:
		_MAX7219_1Unit
		_TurnOff
 This function is called by:
		_main
 This function uses a non-reentrant model


 *************** function _TurnOff *****************
 Defined at:
		line 17 in file "DrawLight.c"
 Parameters:    Size  Location     Type
		None
 Auto vars:     Size  Location     Type
  i               2   14[COMRAM] int 
 Return value:  Size  Location     Type
                  1    wreg      void 
 Registers used:
		wreg, status,2, status,0, cstack
 Tracked objects:
		On entry : 
		On exit  : 
		Unchanged: 
 Data sizes:     COMRAM   BANK0   BANK1   BANK2   BANK3   BANK4   BANK5
      Params:         0       0       0       0       0       0       0
      Locals:         2       0       0       0       0       0       0
      Temps:          0       0       0       0       0       0       0
      Totals:         2       0       0       0       0       0       0
Total ram usage:        2 bytes
 Hardware stack levels used:    1
 Hardware stack levels required when called:    6
 This function calls:
		_MAX7219_1Unit
 This function is called by:
		_main
		_init_MAX7219
 This function uses a non-reentrant model


 *************** function ___xxtofl *****************
 Defined at:
		line 10 in file "C:\Program Files (x86)\Microchip\xc8\v2.00\pic\sources\c99\common\xxtofl.c"
 Parameters:    Size  Location     Type
  sign            1    wreg     unsigned char 
  val             4   10[COMRAM] long 
 Auto vars:     Size  Location     Type
  sign            1   18[COMRAM] unsigned char 
  arg             4   20[COMRAM] unsigned long 
  exp             1   19[COMRAM] unsigned char 
 Return value:  Size  Location     Type
                  4   10[COMRAM] unsigned char 
 Registers used:
		wreg, status,2, status,0
 Tracked objects:
		On entry : 
		On exit  : 
		Unchanged: 
 Data sizes:     COMRAM   BANK0   BANK1   BANK2   BANK3   BANK4   BANK5
      Params:         4       0       0       0       0       0       0
      Locals:         6       0       0       0       0       0       0
      Temps:          4       0       0       0       0       0       0
      Totals:        14       0       0       0       0       0       0
Total ram usage:       14 bytes
 Hardware stack levels used:    1
 Hardware stack levels required when called:    4
 This function calls:
		Nothing
 This function is called by:
		_main
 This function uses a non-reentrant model


 *************** function ___flmul *****************
 Defined at:
		line 8 in file "C:\Program Files (x86)\Microchip\xc8\v2.00\pic\sources\c99\common\sprcmul.c"
 Parameters:    Size  Location     Type
  b               4   24[COMRAM] unsigned char 
  a               4   28[COMRAM] unsigned char 
 Auto vars:     Size  Location     Type
  prod            4   43[COMRAM] struct .
  grs             4   37[COMRAM] unsigned long 
  temp            2   47[COMRAM] struct .
  bexp            1   42[COMRAM] unsigned char 
  aexp            1   41[COMRAM] unsigned char 
  sign            1   36[COMRAM] unsigned char 
 Return value:  Size  Location     Type
                  4   24[COMRAM] unsigned char 
 Registers used:
		wreg, status,2, status,0, prodl, prodh
 Tracked objects:
		On entry : 
		On exit  : 
		Unchanged: 
 Data sizes:     COMRAM   BANK0   BANK1   BANK2   BANK3   BANK4   BANK5
      Params:         8       0       0       0       0       0       0
      Locals:        13       0       0       0       0       0       0
      Temps:          4       0       0       0       0       0       0
      Totals:        25       0       0       0       0       0       0
Total ram usage:       25 bytes
 Hardware stack levels used:    1
 Hardware stack levels required when called:    4
 This function calls:
		Nothing
 This function is called by:
		_main
 This function uses a non-reentrant model


 *************** function ___flge *****************
 Defined at:
		line 4 in file "C:\Program Files (x86)\Microchip\xc8\v2.00\pic\sources\c99\common\flge.c"
 Parameters:    Size  Location     Type
  ff1             4   10[COMRAM] unsigned char 
  ff2             4   14[COMRAM] unsigned char 
 Auto vars:     Size  Location     Type
		None
 Return value:  Size  Location     Type
		None               void
 Registers used:
		wreg, status,2, status,0
 Tracked objects:
		On entry : 
		On exit  : 
		Unchanged: 
 Data sizes:     COMRAM   BANK0   BANK1   BANK2   BANK3   BANK4   BANK5
      Params:         8       0       0       0       0       0       0
      Locals:         0       0       0       0       0       0       0
      Temps:          4       0       0       0       0       0       0
      Totals:        12       0       0       0       0       0       0
Total ram usage:       12 bytes
 Hardware stack levels used:    1
 Hardware stack levels required when called:    4
 This function calls:
		Nothing
 This function is called by:
		_main
 This function uses a non-reentrant model


 *************** function _Stop *****************
 Defined at:
		line 13 in file "DrawLight.c"
 Parameters:    Size  Location     Type
  mode            2   14[COMRAM] int 
 Auto vars:     Size  Location     Type
		None
 Return value:  Size  Location     Type
                  1    wreg      void 
 Registers used:
		wreg, status,2, cstack
 Tracked objects:
		On entry : 
		On exit  : 
		Unchanged: 
 Data sizes:     COMRAM   BANK0   BANK1   BANK2   BANK3   BANK4   BANK5
      Params:         2       0       0       0       0       0       0
      Locals:         0       0       0       0       0       0       0
      Temps:          0       0       0       0       0       0       0
      Totals:         2       0       0       0       0       0       0
Total ram usage:        2 bytes
 Hardware stack levels used:    1
 Hardware stack levels required when called:    6
 This function calls:
		_MAX7219_1Unit
 This function is called by:
		_main
 This function uses a non-reentrant model


 *************** function _MAX7219_1Unit *****************
 Defined at:
		line 12 in file "max7219.c"
 Parameters:    Size  Location     Type
  reg_addr        1    wreg     unsigned char 
  reg_data        1   12[COMRAM] unsigned char 
 Auto vars:     Size  Location     Type
  reg_addr        1   13[COMRAM] unsigned char 
 Return value:  Size  Location     Type
                  1    wreg      void 
 Registers used:
		wreg, status,2, cstack
 Tracked objects:
		On entry : 
		On exit  : 
		Unchanged: 
 Data sizes:     COMRAM   BANK0   BANK1   BANK2   BANK3   BANK4   BANK5
      Params:         1       0       0       0       0       0       0
      Locals:         1       0       0       0       0       0       0
      Temps:          0       0       0       0       0       0       0
      Totals:         2       0       0       0       0       0       0
Total ram usage:        2 bytes
 Hardware stack levels used:    1
 Hardware stack levels required when called:    5
 This function calls:
		_WriteSPI
 This function is called by:
		_main
		_Stop
		_TurnOff
		_init_MAX7219
 This function uses a non-reentrant model


 *************** function _WriteSPI *****************
 Defined at:
		line 9 in file "SPI.c"
 Parameters:    Size  Location     Type
  data_out        1    wreg     unsigned char 
 Auto vars:     Size  Location     Type
  data_out        1   11[COMRAM] unsigned char 
  TempVar         1   10[COMRAM] unsigned char 
 Return value:  Size  Location     Type
                  1    wreg      char 
 Registers used:
		wreg
 Tracked objects:
		On entry : 
		On exit  : 
		Unchanged: 
 Data sizes:     COMRAM   BANK0   BANK1   BANK2   BANK3   BANK4   BANK5
      Params:         0       0       0       0       0       0       0
      Locals:         2       0       0       0       0       0       0
      Temps:          0       0       0       0       0       0       0
      Totals:         2       0       0       0       0       0       0
Total ram usage:        2 bytes
 Hardware stack levels used:    1
 Hardware stack levels required when called:    4
 This function calls:
		Nothing
 This function is called by:
		_MAX7219_1Unit
 This function uses a non-reentrant model


 *************** function _ADC_Read *****************
 Defined at:
		line 19 in file "adc.c"
 Parameters:    Size  Location     Type
		None
 Auto vars:     Size  Location     Type
  digital         2   14[COMRAM] int 
 Return value:  Size  Location     Type
                  2   10[COMRAM] int 
 Registers used:
		wreg, status,2, status,0
 Tracked objects:
		On entry : 
		On exit  : 
		Unchanged: 
 Data sizes:     COMRAM   BANK0   BANK1   BANK2   BANK3   BANK4   BANK5
      Params:         2       0       0       0       0       0       0
      Locals:         2       0       0       0       0       0       0
      Temps:          2       0       0       0       0       0       0
      Totals:         6       0       0       0       0       0       0
Total ram usage:        6 bytes
 Hardware stack levels used:    1
 Hardware stack levels required when called:    4
 This function calls:
		Nothing
 This function is called by:
		_main
 This function uses a non-reentrant model


 *************** function _ADC_Initialize *****************
 Defined at:
		line 9 in file "adc.c"
 Parameters:    Size  Location     Type
		None
 Auto vars:     Size  Location     Type
		None
 Return value:  Size  Location     Type
                  1    wreg      void 
 Registers used:
		wreg, status,2
 Tracked objects:
		On entry : 
		On exit  : 
		Unchanged: 
 Data sizes:     COMRAM   BANK0   BANK1   BANK2   BANK3   BANK4   BANK5
      Params:         0       0       0       0       0       0       0
      Locals:         0       0       0       0       0       0       0
      Temps:          0       0       0       0       0       0       0
      Totals:         0       0       0       0       0       0       0
Total ram usage:        0 bytes
 Hardware stack levels used:    1
 Hardware stack levels required when called:    4
 This function calls:
		Nothing
 This function is called by:
		_main
 This function uses a non-reentrant model


 *************** function _tc_int *****************
 Defined at:
		line 25 in file "timer.c"
 Parameters:    Size  Location     Type
		None
 Auto vars:     Size  Location     Type
		None
 Return value:  Size  Location     Type
                  1    wreg      void 
 Registers used:
		wreg, fsr2l, fsr2h, status,2, status,0, cstack
 Tracked objects:
		On entry : 
		On exit  : 
		Unchanged: 
 Data sizes:     COMRAM   BANK0   BANK1   BANK2   BANK3   BANK4   BANK5
      Params:         0       0       0       0       0       0       0
      Locals:         0       0       0       0       0       0       0
      Temps:          2       0       0       0       0       0       0
      Totals:         2       0       0       0       0       0       0
Total ram usage:        2 bytes
 Hardware stack levels used:    1
 Hardware stack levels required when called:    3
 This function calls:
		_Draw
		i2_TurnOff
 This function is called by:
		Interrupt level 2
 This function uses a non-reentrant model


 *************** function i2_TurnOff *****************
 Defined at:
		line 17 in file "DrawLight.c"
 Parameters:    Size  Location     Type
		None
 Auto vars:     Size  Location     Type
  TurnOff         2    4[COMRAM] int 
 Return value:  Size  Location     Type
                  1    wreg      void 
 Registers used:
		wreg, status,2, status,0, cstack
 Tracked objects:
		On entry : 
		On exit  : 
		Unchanged: 
 Data sizes:     COMRAM   BANK0   BANK1   BANK2   BANK3   BANK4   BANK5
      Params:         0       0       0       0       0       0       0
      Locals:         2       0       0       0       0       0       0
      Temps:          0       0       0       0       0       0       0
      Totals:         2       0       0       0       0       0       0
Total ram usage:        2 bytes
 Hardware stack levels used:    1
 Hardware stack levels required when called:    2
 This function calls:
		i2_MAX7219_1Unit
 This function is called by:
		_tc_int
 This function uses a non-reentrant model


 *************** function _Draw *****************
 Defined at:
		line 23 in file "DrawLight.c"
 Parameters:    Size  Location     Type
  A               2    4[COMRAM] PTR unsigned short 
		 -> brake(16), 
  i               2    6[COMRAM] int 
 Auto vars:     Size  Location     Type
		None
 Return value:  Size  Location     Type
                  1    wreg      void 
 Registers used:
		wreg, fsr2l, fsr2h, status,2, status,0, cstack
 Tracked objects:
		On entry : 
		On exit  : 
		Unchanged: 
 Data sizes:     COMRAM   BANK0   BANK1   BANK2   BANK3   BANK4   BANK5
      Params:         4       0       0       0       0       0       0
      Locals:         0       0       0       0       0       0       0
      Temps:          0       0       0       0       0       0       0
      Totals:         4       0       0       0       0       0       0
Total ram usage:        4 bytes
 Hardware stack levels used:    1
 Hardware stack levels required when called:    2
 This function calls:
		i2_MAX7219_1Unit
 This function is called by:
		_tc_int
 This function uses a non-reentrant model


 *************** function i2_MAX7219_1Unit *****************
 Defined at:
		line 12 in file "max7219.c"
 Parameters:    Size  Location     Type
  reg_addr        1    wreg     unsigned char 
  reg_data        1    2[COMRAM] unsigned char 
 Auto vars:     Size  Location     Type
  reg_addr        1    3[COMRAM] unsigned char 
 Return value:  Size  Location     Type
                  1    wreg      void 
 Registers used:
		wreg, status,2, cstack
 Tracked objects:
		On entry : 
		On exit  : 
		Unchanged: 
 Data sizes:     COMRAM   BANK0   BANK1   BANK2   BANK3   BANK4   BANK5
      Params:         1       0       0       0       0       0       0
      Locals:         1       0       0       0       0       0       0
      Temps:          0       0       0       0       0       0       0
      Totals:         2       0       0       0       0       0       0
Total ram usage:        2 bytes
 Hardware stack levels used:    1
 Hardware stack levels required when called:    1
 This function calls:
		i2_WriteSPI
 This function is called by:
		_Draw
		i2_TurnOff
 This function uses a non-reentrant model


 *************** function i2_WriteSPI *****************
 Defined at:
		line 9 in file "SPI.c"
 Parameters:    Size  Location     Type
  data_out        1    wreg     unsigned char 
 Auto vars:     Size  Location     Type
  data_out        1    1[COMRAM] unsigned char 
  WriteSPI        1    0[COMRAM] unsigned char 
 Return value:  Size  Location     Type
                  1    wreg      char 
 Registers used:
		wreg
 Tracked objects:
		On entry : 
		On exit  : 
		Unchanged: 
 Data sizes:     COMRAM   BANK0   BANK1   BANK2   BANK3   BANK4   BANK5
      Params:         0       0       0       0       0       0       0
      Locals:         2       0       0       0       0       0       0
      Temps:          0       0       0       0       0       0       0
      Totals:         2       0       0       0       0       0       0
Total ram usage:        2 bytes
 Hardware stack levels used:    1
 This function calls:
		Nothing
 This function is called by:
		i2_MAX7219_1Unit
 This function uses a non-reentrant model



MODULE INFORMATION

Module		Function		Class		Link	Load	Size
C:\Program Files (x86)\Microchip\xc8\v2.00\pic\sources\c99\common\sprcmul.c
		___flmul       		CODE           	0012	0000	1135

C:\Program Files (x86)\Microchip\xc8\v2.00\pic\sources\c99\common\sprcmul.c estimated size: 1135

C:\Program Files (x86)\Microchip\xc8\v2.00\pic\sources\c99\common\xxtofl.c
		___xxtofl      		CODE           	06B6	0000	477

C:\Program Files (x86)\Microchip\xc8\v2.00\pic\sources\c99\common\xxtofl.c estimated size: 477

timer.c
		_tc_int        		CODE           	0008	0000	215
		_init_interrupt		CODE           	0E0A	0000	23

timer.c estimated size: 238

C:\Program Files (x86)\Microchip\xc8\v2.00\pic\sources\c99\common\flge.c
		___flge        		CODE           	0892	0000	361

C:\Program Files (x86)\Microchip\xc8\v2.00\pic\sources\c99\common\flge.c estimated size: 361

newmain.c
		_main          		CODE           	0480	0000	567

newmain.c estimated size: 567

DrawLight.c
		_Draw          		CODE           	09FA	0000	259
		_TurnOff       		CODE           	0BCC	0000	93
		_Stop          		CODE           	0E48	0000	13

DrawLight.c estimated size: 365

adc.c
		_ADC_Initialize		CODE           	0DF2	0000	25
		_ADC_Read      		CODE           	0CD0	0000	71

adc.c estimated size: 96

shared
		i2_TurnOff     		CODE           	0C28	0000	93
		__initialization		CODE           	0D9E	0000	45
		i2_MAX7219_1Unit		CODE           	0E34	0000	21
		i2_WriteSPI    		CODE           	0D5A	0000	69

shared estimated size: 228

max7219.c
		_MAX7219_1Unit 		CODE           	0E20	0000	21
		_init_MAX7219  		CODE           	0C84	0000	77

max7219.c estimated size: 98

SPI.c
		_WriteSPI      		CODE           	0D16	0000	69

SPI.c estimated size: 69

